Archive member included to satisfy reference by file (symbol)

../../../../lib/ksdk_platform_lib/armgcc/KL03Z4/release/libksdk_platform.a(fsl_os_abstraction_bm.c.obj)
                              CMakeFiles/Warp.dir/home/students/tes46/4B25-CW3/build/ksdk1.1/work/demos/Warp/src/boot.c.obj (OSA_TimeGetMsec)
../../../../lib/ksdk_platform_lib/armgcc/KL03Z4/release/libksdk_platform.a(fsl_clock_manager.c.obj)
                              CMakeFiles/Warp.dir/home/students/tes46/4B25-CW3/build/ksdk1.1/work/demos/Warp/src/boot.c.obj (CLOCK_SYS_Init)
../../../../lib/ksdk_platform_lib/armgcc/KL03Z4/release/libksdk_platform.a(fsl_clock_MKL03Z4.c.obj)
                              ../../../../lib/ksdk_platform_lib/armgcc/KL03Z4/release/libksdk_platform.a(fsl_clock_manager.c.obj) (CLOCK_SYS_SetConfiguration)
../../../../lib/ksdk_platform_lib/armgcc/KL03Z4/release/libksdk_platform.a(fsl_interrupt_manager.c.obj)
                              ../../../../lib/ksdk_platform_lib/armgcc/KL03Z4/release/libksdk_platform.a(fsl_os_abstraction_bm.c.obj) (INT_SYS_InstallHandler)
../../../../lib/ksdk_platform_lib/armgcc/KL03Z4/release/libksdk_platform.a(fsl_power_manager.c.obj)
                              CMakeFiles/Warp.dir/home/students/tes46/4B25-CW3/build/ksdk1.1/work/demos/Warp/src/boot.c.obj (POWER_SYS_Init)
../../../../lib/ksdk_platform_lib/armgcc/KL03Z4/release/libksdk_platform.a(fsl_gpio_driver.c.obj)
                              ../../../../lib/ksdk_platform_lib/armgcc/KL03Z4/release/libksdk_platform.a(fsl_power_manager.c.obj) (GPIO_DRV_InputPinInit)
../../../../lib/ksdk_platform_lib/armgcc/KL03Z4/release/libksdk_platform.a(fsl_i2c_shared_function.c.obj)
                              CMakeFiles/Warp.dir/home/students/tes46/4B25-CW3/build/ksdk1.1/work/platform/drivers/src/i2c/fsl_i2c_irq.c.obj (I2C_DRV_IRQHandler)
../../../../lib/ksdk_platform_lib/armgcc/KL03Z4/release/libksdk_platform.a(fsl_i2c_common.c.obj)
                              ../../../../lib/ksdk_platform_lib/armgcc/KL03Z4/release/libksdk_platform.a(fsl_i2c_shared_function.c.obj) (g_i2cBaseAddr)
../../../../lib/ksdk_platform_lib/armgcc/KL03Z4/release/libksdk_platform.a(fsl_i2c_master_driver.c.obj)
                              CMakeFiles/Warp.dir/home/students/tes46/4B25-CW3/build/ksdk1.1/work/demos/Warp/src/boot.c.obj (I2C_DRV_MasterInit)
../../../../lib/ksdk_platform_lib/armgcc/KL03Z4/release/libksdk_platform.a(fsl_i2c_slave_driver.c.obj)
                              ../../../../lib/ksdk_platform_lib/armgcc/KL03Z4/release/libksdk_platform.a(fsl_i2c_shared_function.c.obj) (I2C_DRV_SlaveIRQHandler)
../../../../lib/ksdk_platform_lib/armgcc/KL03Z4/release/libksdk_platform.a(fsl_llwu_hal.c.obj)
                              CMakeFiles/Warp.dir/home/students/tes46/4B25-CW3/build/ksdk1.1/work/demos/Warp/src/powermodes.c.obj (LLWU_HAL_SetExternalInputPinMode)
../../../../lib/ksdk_platform_lib/armgcc/KL03Z4/release/libksdk_platform.a(fsl_lpuart_driver.c.obj)
                              CMakeFiles/Warp.dir/home/students/tes46/4B25-CW3/build/ksdk1.1/work/demos/Warp/src/boot.c.obj (LPUART_DRV_Init)
../../../../lib/ksdk_platform_lib/armgcc/KL03Z4/release/libksdk_platform.a(fsl_lpuart_common.c.obj)
                              ../../../../lib/ksdk_platform_lib/armgcc/KL03Z4/release/libksdk_platform.a(fsl_lpuart_driver.c.obj) (g_lpuartRxTxIrqId)
../../../../lib/ksdk_platform_lib/armgcc/KL03Z4/release/libksdk_platform.a(fsl_mcglite_hal.c.obj)
                              ../../../../lib/ksdk_platform_lib/armgcc/KL03Z4/release/libksdk_platform.a(fsl_clock_MKL03Z4.c.obj) (CLOCK_HAL_GetInternalRefClk)
../../../../lib/ksdk_platform_lib/armgcc/KL03Z4/release/libksdk_platform.a(fsl_mcglite_hal_modes.c.obj)
                              ../../../../lib/ksdk_platform_lib/armgcc/KL03Z4/release/libksdk_platform.a(fsl_power_manager.c.obj) (CLOCK_HAL_GetMode)
../../../../lib/ksdk_platform_lib/armgcc/KL03Z4/release/libksdk_platform.a(fsl_osc_hal.c.obj)
                              ../../../../lib/ksdk_platform_lib/armgcc/KL03Z4/release/libksdk_platform.a(fsl_clock_MKL03Z4.c.obj) (OSC_HAL_SetExternalRefClkCmd)
../../../../lib/ksdk_platform_lib/armgcc/KL03Z4/release/libksdk_platform.a(fsl_rtc_hal.c.obj)
                              CMakeFiles/Warp.dir/home/students/tes46/4B25-CW3/build/ksdk1.1/work/demos/Warp/src/powermodes.c.obj (RTC_HAL_ConvertSecsToDatetime)
../../../../lib/ksdk_platform_lib/armgcc/KL03Z4/release/libksdk_platform.a(fsl_rtc_driver.c.obj)
                              CMakeFiles/Warp.dir/home/students/tes46/4B25-CW3/build/ksdk1.1/work/demos/Warp/src/boot.c.obj (RTC_DRV_Init)
../../../../lib/ksdk_platform_lib/armgcc/KL03Z4/release/libksdk_platform.a(fsl_rtc_common.c.obj)
                              ../../../../lib/ksdk_platform_lib/armgcc/KL03Z4/release/libksdk_platform.a(fsl_rtc_driver.c.obj) (g_rtcSecondsIrqId)
../../../../lib/ksdk_platform_lib/armgcc/KL03Z4/release/libksdk_platform.a(fsl_sim_hal_MKL03Z4.c.obj)
[...]
Memory Configuration

Name             Origin             Length             Attributes
m_interrupts     0x0000000000000000 0x0000000000000100 xr
m_flash_config   0x0000000000000400 0x0000000000000010 xr
m_text           0x0000000000000410 0x0000000000007bf0 xr
m_data           0x000000001ffffe00 0x0000000000000800 rw
*default*        0x0000000000000000 0xffffffffffffffff

Linker script and memory map

LOAD /usr/lib/gcc/arm-none-eabi/9.2.1/thumb/v6-m/nofp/crti.o
LOAD /usr/lib/gcc/arm-none-eabi/9.2.1/thumb/v6-m/nofp/crtbegin.o
LOAD /usr/lib/gcc/arm-none-eabi/9.2.1/../../../arm-none-eabi/lib/thumb/v6-m/nofp/crt0.o
LOAD /usr/lib/gcc/arm-none-eabi/9.2.1/../../../arm-none-eabi/lib/thumb/v6-m/nofp/libm.a
                0x0000000000000200                __stack_size__ = 0x200
                0x0000000000000000                __heap_size__ = 0x0
LOAD CMakeFiles/Warp.dir/home/students/tes46/4B25-CW3/build/ksdk1.1/work/platform/utilities/src/fsl_misc_utilities.c.obj
LOAD CMakeFiles/Warp.dir/home/students/tes46/4B25-CW3/build/ksdk1.1/work/platform/startup/MKL03Z4/gcc/startup_MKL03Z4.S.obj
LOAD CMakeFiles/Warp.dir/home/students/tes46/4B25-CW3/build/ksdk1.1/work/demos/Warp/src/boot.c.obj
LOAD CMakeFiles/Warp.dir/home/students/tes46/4B25-CW3/build/ksdk1.1/work/demos/Warp/src/errstrsEN.c.obj
LOAD CMakeFiles/Warp.dir/home/students/tes46/4B25-CW3/build/ksdk1.1/work/demos/Warp/src/powermodes.c.obj
LOAD CMakeFiles/Warp.dir/home/students/tes46/4B25-CW3/build/ksdk1.1/work/demos/Warp/src/devADXL362.c.obj
LOAD CMakeFiles/Warp.dir/home/students/tes46/4B25-CW3/build/ksdk1.1/work/demos/Warp/src/devIS25xP.c.obj
LOAD CMakeFiles/Warp.dir/home/students/tes46/4B25-CW3/build/ksdk1.1/work/demos/Warp/src/devISL23415.c.obj
LOAD CMakeFiles/Warp.dir/home/students/tes46/4B25-CW3/build/ksdk1.1/work/demos/Warp/src/devAT45DB.c.obj
LOAD CMakeFiles/Warp.dir/home/students/tes46/4B25-CW3/build/ksdk1.1/work/demos/Warp/src/devMMA8451Q.c.obj
LOAD CMakeFiles/Warp.dir/home/students/tes46/4B25-CW3/build/ksdk1.1/work/demos/Warp/src/devLPS25H.c.obj
LOAD CMakeFiles/Warp.dir/home/students/tes46/4B25-CW3/build/ksdk1.1/work/demos/Warp/src/devHDC1000.c.obj
LOAD CMakeFiles/Warp.dir/home/students/tes46/4B25-CW3/build/ksdk1.1/work/demos/Warp/src/devMAG3110.c.obj
LOAD CMakeFiles/Warp.dir/home/students/tes46/4B25-CW3/build/ksdk1.1/work/demos/Warp/src/devBME680.c.obj
LOAD CMakeFiles/Warp.dir/home/students/tes46/4B25-CW3/build/ksdk1.1/work/demos/Warp/src/devCCS811.c.obj
LOAD CMakeFiles/Warp.dir/home/students/tes46/4B25-CW3/build/ksdk1.1/work/demos/Warp/src/devRV8803C7.c.obj
LOAD CMakeFiles/Warp.dir/home/students/tes46/4B25-CW3/build/ksdk1.1/work/demos/Warp/src/devBGX.c.obj
LOAD CMakeFiles/Warp.dir/home/students/tes46/4B25-CW3/build/ksdk1.1/work/demos/Warp/src/devSSD1331.c.obj
LOAD CMakeFiles/Warp.dir/home/students/tes46/4B25-CW3/build/ksdk1.1/work/demos/Warp/src/dev_INA219.c.obj
LOAD CMakeFiles/Warp.dir/home/students/tes46/4B25-CW3/build/ksdk1.1/work/demos/Warp/src/SEGGER_RTT.c.obj
LOAD CMakeFiles/Warp.dir/home/students/tes46/4B25-CW3/build/ksdk1.1/work/demos/Warp/src/SEGGER_RTT_printf.c.obj
LOAD CMakeFiles/Warp.dir/home/students/tes46/4B25-CW3/build/ksdk1.1/work/platform/drivers/src/i2c/fsl_i2c_irq.c.obj
LOAD CMakeFiles/Warp.dir/home/students/tes46/4B25-CW3/build/ksdk1.1/work/platform/drivers/src/spi/fsl_spi_irq.c.obj
LOAD CMakeFiles/Warp.dir/home/students/tes46/4B25-CW3/build/ksdk1.1/work/platform/drivers/src/lpuart/fsl_lpuart_irq.c.obj
LOAD CMakeFiles/Warp.dir/home/students/tes46/4B25-CW3/build/ksdk1.1/work/platform/startup/MKL03Z4/system_MKL03Z4.c.obj
LOAD CMakeFiles/Warp.dir/home/students/tes46/4B25-CW3/build/ksdk1.1/work/platform/startup/startup.c.obj
LOAD CMakeFiles/Warp.dir/home/students/tes46/4B25-CW3/build/ksdk1.1/work/boards/Warp/gpio_pins.c.obj
START GROUP
LOAD ../../../../lib/ksdk_platform_lib/armgcc/KL03Z4/release/libksdk_platform.a
LOAD /usr/lib/gcc/arm-none-eabi/9.2.1/../../../arm-none-eabi/lib/thumb/v6-m/nofp/libm.a
LOAD /usr/lib/gcc/arm-none-eabi/9.2.1/../../../arm-none-eabi/lib/thumb/v6-m/nofp/libc_nano.a
LOAD /usr/lib/gcc/arm-none-eabi/9.2.1/thumb/v6-m/nofp/libgcc.a
LOAD /usr/lib/gcc/arm-none-eabi/9.2.1/../../../arm-none-eabi/lib/thumb/v6-m/nofp/libnosys.a
END GROUP
START GROUP
LOAD /usr/lib/gcc/arm-none-eabi/9.2.1/thumb/v6-m/nofp/libgcc.a
LOAD /usr/lib/gcc/arm-none-eabi/9.2.1/../../../arm-none-eabi/lib/thumb/v6-m/nofp/libc_nano.a
END GROUP
START GROUP
LOAD /usr/lib/gcc/arm-none-eabi/9.2.1/thumb/v6-m/nofp/libgcc.a
LOAD /usr/lib/gcc/arm-none-eabi/9.2.1/../../../arm-none-eabi/lib/thumb/v6-m/nofp/libc_nano.a
END GROUP
LOAD /usr/lib/gcc/arm-none-eabi/9.2.1/thumb/v6-m/nofp/crtend.o
LOAD /usr/lib/gcc/arm-none-eabi/9.2.1/thumb/v6-m/nofp/crtn.o
                0x0000000000000000                HEAP_SIZE = DEFINED (__heap_size__)?__heap_size__:0x200
                0x0000000000000200                STACK_SIZE = DEFINED (__stack_size__)?__stack_size__:0x50
                0x0000000000000000                M_VECTOR_RAM_SIZE = DEFINED (__ram_vector_table__)?0x100:0x0

.interrupts     0x0000000000000000       0xc0
                0x0000000000000000                __VECTOR_TABLE = .
                0x0000000000000000                . = ALIGN (0x4)
 *(.isr_vector)
 .isr_vector    0x0000000000000000       0xc0 CMakeFiles/Warp.dir/home/students/tes46/4B25-CW3/build/ksdk1.1/work/platform/startup/MKL03Z4/gcc/startup_MKL03Z4.S.obj
                0x0000000000000000                __isr_vector
                0x00000000000000c0                . = ALIGN (0x4)

.flash_config   0x0000000000000400       0x10
                0x0000000000000400                . = ALIGN (0x4)
 *(.FlashConfig)
 .FlashConfig   0x0000000000000400       0x10 CMakeFiles/Warp.dir/home/students/tes46/4B25-CW3/build/ksdk1.1/work/platform/startup/MKL03Z4/gcc/startup_MKL03Z4.S.obj
                0x0000000000000410                . = ALIGN (0x4)

.text           0x0000000000000410     0x7574
                0x0000000000000410                . = ALIGN (0x4)
 *(.text)
 .text          0x0000000000000410       0x98 /usr/lib/gcc/arm-none-eabi/9.2.1/thumb/v6-m/nofp/crtbegin.o
 .text          0x00000000000004a8       0x74 /usr/lib/gcc/arm-none-eabi/9.2.1/../../../arm-none-eabi/lib/thumb/v6-m/nofp/crt0.o
                0x00000000000004a8                _stack_init
                0x00000000000004b4                _mainCRTStartup
                0x00000000000004b4                _start
 .text          0x000000000000051c       0x30 CMakeFiles/Warp.dir/home/students/tes46/4B25-CW3/build/ksdk1.1/work/platform/startup/MKL03Z4/gcc/startup_MKL03Z4.S.obj
                0x000000000000051c                Reset_Handler
                0x0000000000000544                Reserved18_IRQHandler
                0x0000000000000544                Reserved16_IRQHandler
                0x0000000000000544                HardFault_Handler
                0x0000000000000544                SysTick_Handler
                0x0000000000000544                PendSV_Handler
                0x0000000000000544                NMI_Handler
                0x0000000000000544                Reserved19_IRQHandler
                0x0000000000000544                Reserved29_IRQHandler
                0x0000000000000544                TPM0_IRQHandler
                0x0000000000000544                Reserved42_IRQHandler
                0x0000000000000544                ADC0_IRQHandler
                0x0000000000000544                Reserved39_IRQHandler
                0x0000000000000544                DefaultISR
                0x0000000000000544                Reserved25_IRQHandler
                0x0000000000000544                PORTB_IRQHandler
                0x0000000000000544                Reserved43_IRQHandler
                0x0000000000000544                Reserved27_IRQHandler
                0x0000000000000544                Reserved35_IRQHandler
                0x0000000000000544                Reserved20_IRQHandler
                0x0000000000000544                Reserved17_IRQHandler
                0x0000000000000544                Reserved41_IRQHandler
                0x0000000000000544                SVC_Handler
                0x0000000000000544                Reserved45_IRQHandler
                0x0000000000000544                Reserved30_IRQHandler
                0x0000000000000544                PMC_IRQHandler
                0x0000000000000544                TPM1_IRQHandler
                0x0000000000000544                FTFA_IRQHandler
                0x0000000000000544                Reserved40_IRQHandler
                0x0000000000000544                Reserved38_IRQHandler
                0x0000000000000544                LPTMR0_IRQHandler
                0x0000000000000544                CMP0_IRQHandler
 .text          0x000000000000054c       0x10 /usr/lib/gcc/arm-none-eabi/9.2.1/../../../arm-none-eabi/lib/thumb/v6-m/nofp/libc_nano.a(lib_a-atexit.o)
                0x000000000000054c                atexit
 .text          0x000000000000055c        0xc /usr/lib/gcc/arm-none-eabi/9.2.1/../../../arm-none-eabi/lib/thumb/v6-m/nofp/libc_nano.a(lib_a-bzero.o)
                0x000000000000055c                bzero
 .text          0x0000000000000568        0xc /usr/lib/gcc/arm-none-eabi/9.2.1/../../../arm-none-eabi/lib/thumb/v6-m/nofp/libc_nano.a(lib_a-errno.o)
                0x0000000000000568                __errno
 .text          0x0000000000000574       0x2c /usr/lib/gcc/arm-none-eabi/9.2.1/../../../arm-none-eabi/lib/thumb/v6-m/nofp/libc_nano.a(lib_a-exit.o)
                0x0000000000000574                exit
 .text          0x00000000000005a0       0x28 /usr/lib/gcc/arm-none-eabi/9.2.1/../../../arm-none-eabi/lib/thumb/v6-m/nofp/libc_nano.a(lib_a-fini.o)
                0x00000000000005a0                __libc_fini_array
 .text          0x00000000000005c8       0x44 /usr/lib/gcc/arm-none-eabi/9.2.1/../../../arm-none-eabi/lib/thumb/v6-m/nofp/libc_nano.a(lib_a-init.o)
                0x00000000000005c8                __libc_init_array
 .text          0x000000000000060c       0x28 /usr/lib/gcc/arm-none-eabi/9.2.1/../../../arm-none-eabi/lib/thumb/v6-m/nofp/libc_nano.a(lib_a-malloc.o)
                0x000000000000060c                malloc
                0x0000000000000620                free
 .text          0x0000000000000634       0xa8 /usr/lib/gcc/arm-none-eabi/9.2.1/../../../arm-none-eabi/lib/thumb/v6-m/nofp/libc_nano.a(lib_a-memcpy-stub.o)
                0x0000000000000634                memcpy
 .text          0x00000000000006dc       0xa8 /usr/lib/gcc/arm-none-eabi/9.2.1/../../../arm-none-eabi/lib/thumb/v6-m/nofp/libc_nano.a(lib_a-memset.o)
                0x00000000000006dc                memset
 .text          0x0000000000000784       0xac /usr/lib/gcc/arm-none-eabi/9.2.1/../../../arm-none-eabi/lib/thumb/v6-m/nofp/libc_nano.a(lib_a-nano-freer.o)
                0x0000000000000784                _free_r
 .text          0x0000000000000830       0xcc /usr/lib/gcc/arm-none-eabi/9.2.1/../../../arm-none-eabi/lib/thumb/v6-m/nofp/libc_nano.a(lib_a-nano-mallocr.o)
                0x0000000000000830                _malloc_r
 .text          0x00000000000008fc       0x24 /usr/lib/gcc/arm-none-eabi/9.2.1/../../../arm-none-eabi/lib/thumb/v6-m/nofp/libc_nano.a(lib_a-sbrkr.o)
                0x00000000000008fc                _sbrk_r
 .text          0x0000000000000920       0xfc /usr/lib/gcc/arm-none-eabi/9.2.1/../../../arm-none-eabi/lib/thumb/v6-m/nofp/libc_nano.a(lib_a-snprintf.o)
                0x0000000000000920                _sniprintf_r
                0x0000000000000920                _snprintf_r
                0x000000000000099c                snprintf
                0x000000000000099c                sniprintf
 .text          0x0000000000000a1c       0x10 /usr/lib/gcc/arm-none-eabi/9.2.1/../../../arm-none-eabi/lib/thumb/v6-m/nofp/libc_nano.a(lib_a-strcpy.o)
                0x0000000000000a1c                strcpy
 .text          0x0000000000000a2c       0x68 /usr/lib/gcc/arm-none-eabi/9.2.1/../../../arm-none-eabi/lib/thumb/v6-m/nofp/libc_nano.a(lib_a-strlen-stub.o)
                0x0000000000000a2c                strlen
 .text          0x0000000000000a94       0xdc /usr/lib/gcc/arm-none-eabi/9.2.1/../../../arm-none-eabi/lib/thumb/v6-m/nofp/libc_nano.a(lib_a-__atexit.o)
                0x0000000000000a94                __register_exitproc
 .text          0x0000000000000b70       0xbc /usr/lib/gcc/arm-none-eabi/9.2.1/../../../arm-none-eabi/lib/thumb/v6-m/nofp/libc_nano.a(lib_a-__call_atexit.o)
                0x0000000000000b70                __call_exitprocs
 .text          0x0000000000000c2c        0x8 /usr/lib/gcc/arm-none-eabi/9.2.1/../../../arm-none-eabi/lib/thumb/v6-m/nofp/libc_nano.a(lib_a-mlock.o)
                0x0000000000000c2c                __malloc_lock
                0x0000000000000c30                __malloc_unlock
 .text          0x0000000000000c34      0x480 /usr/lib/gcc/arm-none-eabi/9.2.1/../../../arm-none-eabi/lib/thumb/v6-m/nofp/libc_nano.a(lib_a-nano-svfprintf.o)
                0x0000000000000c34                __ssputs_r
                0x0000000000000d04                __ssprint_r
                0x0000000000000e18                _svfprintf_r
                0x0000000000000e18                _svfiprintf_r
 .text          0x00000000000010b4      0x3d8 /usr/lib/gcc/arm-none-eabi/9.2.1/../../../arm-none-eabi/lib/thumb/v6-m/nofp/libc_nano.a(lib_a-nano-vfprintf_i.o)
                0x00000000000010b4                _printf_common
                0x00000000000011e4                _printf_i
 .text          0x000000000000148c       0x80 /usr/lib/gcc/arm-none-eabi/9.2.1/../../../arm-none-eabi/lib/thumb/v6-m/nofp/libc_nano.a(lib_a-memchr-stub.o)
                0x000000000000148c                memchr
 .text          0x000000000000150c       0xbc /usr/lib/gcc/arm-none-eabi/9.2.1/../../../arm-none-eabi/lib/thumb/v6-m/nofp/libc_nano.a(lib_a-memmove.o)
                0x000000000000150c                memmove
 .text          0x00000000000015c8       0x50 /usr/lib/gcc/arm-none-eabi/9.2.1/../../../arm-none-eabi/lib/thumb/v6-m/nofp/libc_nano.a(lib_a-nano-reallocr.o)
                0x00000000000015c8                _realloc_r
 .text          0x0000000000001618       0x14 /usr/lib/gcc/arm-none-eabi/9.2.1/../../../arm-none-eabi/lib/thumb/v6-m/nofp/libc_nano.a(lib_a-nano-msizer.o)
                0x0000000000001618                _malloc_usable_size_r
 .text          0x000000000000162c       0x14 /usr/lib/gcc/arm-none-eabi/9.2.1/thumb/v6-m/nofp/libgcc.a(_thumb1_case_uqi.o)
                0x000000000000162c                __gnu_thumb1_case_uqi
 .text          0x0000000000001640       0x14 /usr/lib/gcc/arm-none-eabi/9.2.1/thumb/v6-m/nofp/libgcc.a(_thumb1_case_shi.o)
                0x0000000000001640                __gnu_thumb1_case_shi
 .text          0x0000000000001654      0x114 /usr/lib/gcc/arm-none-eabi/9.2.1/thumb/v6-m/nofp/libgcc.a(_udivsi3.o)
                0x0000000000001654                __udivsi3
                0x0000000000001654                __aeabi_uidiv
                0x0000000000001760                __aeabi_uidivmod
 .text          0x0000000000001768      0x1d4 /usr/lib/gcc/arm-none-eabi/9.2.1/thumb/v6-m/nofp/libgcc.a(_divsi3.o)
                0x0000000000001768                __aeabi_idiv
                0x0000000000001768                __divsi3
                0x0000000000001934                __aeabi_idivmod
 .text          0x000000000000193c        0x4 /usr/lib/gcc/arm-none-eabi/9.2.1/thumb/v6-m/nofp/libgcc.a(_dvmd_tls.o)
                0x000000000000193c                __aeabi_ldiv0
                0x000000000000193c                __aeabi_idiv0
 .text          0x0000000000001940      0x4d8 /usr/lib/gcc/arm-none-eabi/9.2.1/thumb/v6-m/nofp/libgcc.a(muldf3.o)
                0x0000000000001940                __aeabi_dmul
 .text          0x0000000000001e18       0x6c /usr/lib/gcc/arm-none-eabi/9.2.1/thumb/v6-m/nofp/libgcc.a(fixdfsi.o)
                0x0000000000001e18                __aeabi_d2iz
 .text          0x0000000000001e84       0x60 /usr/lib/gcc/arm-none-eabi/9.2.1/thumb/v6-m/nofp/libgcc.a(floatsidf.o)
                0x0000000000001e84                __aeabi_i2d
 .text          0x0000000000001ee4       0x3c /usr/lib/gcc/arm-none-eabi/9.2.1/thumb/v6-m/nofp/libgcc.a(_clzsi2.o)
                0x0000000000001ee4                __clzsi2
 .text          0x0000000000001f20        0x4 /usr/lib/gcc/arm-none-eabi/9.2.1/../../../arm-none-eabi/lib/thumb/v6-m/nofp/libnosys.a(_exit.o)
                0x0000000000001f20                _exit
 *(.text*)
 .text._sbrk    0x0000000000001f24       0x38 CMakeFiles/Warp.dir/home/students/tes46/4B25-CW3/build/ksdk1.1/work/platform/utilities/src/fsl_misc_utilities.c.obj
                0x0000000000001f24                _sbrk
 .text.clockManagerCallbackRoutine
                0x0000000000001f5c        0xc CMakeFiles/Warp.dir/home/students/tes46/4B25-CW3/build/ksdk1.1/work/demos/Warp/src/boot.c.obj
                0x0000000000001f5c                clockManagerCallbackRoutine
 .text.callback0
                0x0000000000001f68       0x14 CMakeFiles/Warp.dir/home/students/tes46/4B25-CW3/build/ksdk1.1/work/demos/Warp/src/boot.c.obj
                0x0000000000001f68                callback0
 .text.lowPowerPinStates
                0x0000000000001f7c       0xb8 CMakeFiles/Warp.dir/home/students/tes46/4B25-CW3/build/ksdk1.1/work/demos/Warp/src/boot.c.obj
 .text.char2int
                0x0000000000002034       0x24 CMakeFiles/Warp.dir/home/students/tes46/4B25-CW3/build/ksdk1.1/work/demos/Warp/src/boot.c.obj
 .text.RTC_IRQHandler
                0x0000000000002058       0x16 CMakeFiles/Warp.dir/home/students/tes46/4B25-CW3/build/ksdk1.1/work/demos/Warp/src/boot.c.obj
                0x0000000000002058                RTC_IRQHandler
 *fill*         0x000000000000206e        0x2 
 .text.RTC_Seconds_IRQHandler
                0x0000000000002070       0x10 CMakeFiles/Warp.dir/home/students/tes46/4B25-CW3/build/ksdk1.1/work/demos/Warp/src/boot.c.obj
                0x0000000000002070                RTC_Seconds_IRQHandler
 .text.LLWU_IRQHandler
                0x0000000000002080       0x10 CMakeFiles/Warp.dir/home/students/tes46/4B25-CW3/build/ksdk1.1/work/demos/Warp/src/boot.c.obj
                0x0000000000002080                LLWU_IRQHandler
 .text.PORTA_IRQHandler
                0x0000000000002090       0x10 CMakeFiles/Warp.dir/home/students/tes46/4B25-CW3/build/ksdk1.1/work/demos/Warp/src/boot.c.obj
                0x0000000000002090                PORTA_IRQHandler
 .text.warpEnableSPIpins
                0x00000000000020a0       0x5c CMakeFiles/Warp.dir/home/students/tes46/4B25-CW3/build/ksdk1.1/work/demos/Warp/src/boot.c.obj
                0x00000000000020a0                warpEnableSPIpins
 .text.warpDisableSPIpins
                0x00000000000020fc       0x40 CMakeFiles/Warp.dir/home/students/tes46/4B25-CW3/build/ksdk1.1/work/demos/Warp/src/boot.c.obj
                0x00000000000020fc                warpDisableSPIpins
 .text.warpEnableI2Cpins
                0x000000000000213c       0x30 CMakeFiles/Warp.dir/home/students/tes46/4B25-CW3/build/ksdk1.1/work/demos/Warp/src/boot.c.obj
                0x000000000000213c                warpEnableI2Cpins
 .text.warpDisableI2Cpins
                0x000000000000216c       0x20 CMakeFiles/Warp.dir/home/students/tes46/4B25-CW3/build/ksdk1.1/work/demos/Warp/src/boot.c.obj
                0x000000000000216c                warpDisableI2Cpins
 .text.warpScaleSupplyVoltage
                0x000000000000218c        0xc CMakeFiles/Warp.dir/home/students/tes46/4B25-CW3/build/ksdk1.1/work/demos/Warp/src/boot.c.obj
                0x000000000000218c                warpScaleSupplyVoltage
 .text.warpPrint
                0x0000000000002198       0x4c CMakeFiles/Warp.dir/home/students/tes46/4B25-CW3/build/ksdk1.1/work/demos/Warp/src/boot.c.obj
                0x0000000000002198                warpPrint
 .text.warpLowPowerSecondsSleep
                0x00000000000021e4       0x2c CMakeFiles/Warp.dir/home/students/tes46/4B25-CW3/build/ksdk1.1/work/demos/Warp/src/boot.c.obj
                0x00000000000021e4                warpLowPowerSecondsSleep
 .text.printBootSplash
                0x0000000000002210       0xfc CMakeFiles/Warp.dir/home/students/tes46/4B25-CW3/build/ksdk1.1/work/demos/Warp/src/boot.c.obj
                0x0000000000002210                printBootSplash
 .text.warpWaitKey
                0x000000000000230c        0xc CMakeFiles/Warp.dir/home/students/tes46/4B25-CW3/build/ksdk1.1/work/demos/Warp/src/boot.c.obj
                0x000000000000230c                warpWaitKey
 .text.readHexByte
                0x0000000000002318       0x2a CMakeFiles/Warp.dir/home/students/tes46/4B25-CW3/build/ksdk1.1/work/demos/Warp/src/boot.c.obj
 .text.read4digits
                0x0000000000002342       0x40 CMakeFiles/Warp.dir/home/students/tes46/4B25-CW3/build/ksdk1.1/work/demos/Warp/src/boot.c.obj
 *fill*         0x0000000000002382        0x2 
 .text.loopForCurrentSensor
                0x0000000000002384      0x1e0 CMakeFiles/Warp.dir/home/students/tes46/4B25-CW3/build/ksdk1.1/work/demos/Warp/src/boot.c.obj
                0x0000000000002384                loopForCurrentSensor
 .text.writeByteToI2cDeviceRegister
                0x0000000000002564       0x44 CMakeFiles/Warp.dir/home/students/tes46/4B25-CW3/build/ksdk1.1/work/demos/Warp/src/boot.c.obj
                0x0000000000002564                writeByteToI2cDeviceRegister
 .text.writeBytesToSpi
                0x00000000000025a8       0x44 CMakeFiles/Warp.dir/home/students/tes46/4B25-CW3/build/ksdk1.1/work/demos/Warp/src/boot.c.obj
                0x00000000000025a8                writeBytesToSpi
 .text.startup.main
                0x00000000000025ec      0xa78 CMakeFiles/Warp.dir/home/students/tes46/4B25-CW3/build/ksdk1.1/work/demos/Warp/src/boot.c.obj
                0x00000000000025ec                main
 .text.setSleepRtcAlarm
                0x0000000000003064       0x2e CMakeFiles/Warp.dir/home/students/tes46/4B25-CW3/build/ksdk1.1/work/demos/Warp/src/powermodes.c.obj
 *fill*         0x0000000000003092        0x2 
 .text.gpioDisableWakeUp
                0x0000000000003094       0x18 CMakeFiles/Warp.dir/home/students/tes46/4B25-CW3/build/ksdk1.1/work/demos/Warp/src/powermodes.c.obj
                0x0000000000003094                gpioDisableWakeUp
 .text.warpSetLowPowerMode
                0x00000000000030ac      0x110 CMakeFiles/Warp.dir/home/students/tes46/4B25-CW3/build/ksdk1.1/work/demos/Warp/src/powermodes.c.obj
                0x00000000000030ac                warpSetLowPowerMode
 .text.writeCommand
                0x00000000000031bc       0x4c CMakeFiles/Warp.dir/home/students/tes46/4B25-CW3/build/ksdk1.1/work/demos/Warp/src/devSSD1331.c.obj
 .text.devSSD1331init
                0x0000000000003208      0x1f4 CMakeFiles/Warp.dir/home/students/tes46/4B25-CW3/build/ksdk1.1/work/demos/Warp/src/devSSD1331.c.obj
                0x0000000000003208                devSSD1331init
 .text.writeSensorRegister_INA219.part.0
                0x00000000000033fc       0x5c CMakeFiles/Warp.dir/home/students/tes46/4B25-CW3/build/ksdk1.1/work/demos/Warp/src/dev_INA219.c.obj
 .text.init_INA219
                0x0000000000003458        0xc CMakeFiles/Warp.dir/home/students/tes46/4B25-CW3/build/ksdk1.1/work/demos/Warp/src/dev_INA219.c.obj
                0x0000000000003458                init_INA219
 .text.writeSensorRegister_INA219
                0x0000000000003464       0x12 CMakeFiles/Warp.dir/home/students/tes46/4B25-CW3/build/ksdk1.1/work/demos/Warp/src/dev_INA219.c.obj
                0x0000000000003464                writeSensorRegister_INA219
 *fill*         0x0000000000003476        0x2 
 .text.readSensorRegister_INA219
                0x0000000000003478       0x6c CMakeFiles/Warp.dir/home/students/tes46/4B25-CW3/build/ksdk1.1/work/demos/Warp/src/dev_INA219.c.obj
                0x0000000000003478                readSensorRegister_INA219
 .text.configureSensor_INA219
                0x00000000000034e4       0x2c CMakeFiles/Warp.dir/home/students/tes46/4B25-CW3/build/ksdk1.1/work/demos/Warp/src/dev_INA219.c.obj
                0x00000000000034e4                configureSensor_INA219
 .text.parseINA219Register
                0x0000000000003510       0x94 CMakeFiles/Warp.dir/home/students/tes46/4B25-CW3/build/ksdk1.1/work/demos/Warp/src/dev_INA219.c.obj
                0x0000000000003510                parseINA219Register
 .text._GetAvailWriteSpace
                0x00000000000035a4       0x12 CMakeFiles/Warp.dir/home/students/tes46/4B25-CW3/build/ksdk1.1/work/demos/Warp/src/SEGGER_RTT.c.obj
 .text._WriteNoCheck
                0x00000000000035b6       0x30 CMakeFiles/Warp.dir/home/students/tes46/4B25-CW3/build/ksdk1.1/work/demos/Warp/src/SEGGER_RTT.c.obj
 .text._WriteBlocking
                0x00000000000035e6       0x5a CMakeFiles/Warp.dir/home/students/tes46/4B25-CW3/build/ksdk1.1/work/demos/Warp/src/SEGGER_RTT.c.obj
 .text._DoInit  0x0000000000003640       0x5c CMakeFiles/Warp.dir/home/students/tes46/4B25-CW3/build/ksdk1.1/work/demos/Warp/src/SEGGER_RTT.c.obj
 .text.SEGGER_RTT_ReadNoLock
                0x000000000000369c       0xa4 CMakeFiles/Warp.dir/home/students/tes46/4B25-CW3/build/ksdk1.1/work/demos/Warp/src/SEGGER_RTT.c.obj
                0x000000000000369c                SEGGER_RTT_ReadNoLock
 .text.SEGGER_RTT_Read
                0x0000000000003740       0x1a CMakeFiles/Warp.dir/home/students/tes46/4B25-CW3/build/ksdk1.1/work/demos/Warp/src/SEGGER_RTT.c.obj
                0x0000000000003740                SEGGER_RTT_Read
 *fill*         0x000000000000375a        0x2 
 .text.SEGGER_RTT_WriteNoLock
                0x000000000000375c       0x6c CMakeFiles/Warp.dir/home/students/tes46/4B25-CW3/build/ksdk1.1/work/demos/Warp/src/SEGGER_RTT.c.obj
                0x000000000000375c                SEGGER_RTT_WriteNoLock
 .text.SEGGER_RTT_Write
                0x00000000000037c8       0x34 CMakeFiles/Warp.dir/home/students/tes46/4B25-CW3/build/ksdk1.1/work/demos/Warp/src/SEGGER_RTT.c.obj
                0x00000000000037c8                SEGGER_RTT_Write
 .text.SEGGER_RTT_WriteString
                0x00000000000037fc       0x18 CMakeFiles/Warp.dir/home/students/tes46/4B25-CW3/build/ksdk1.1/work/demos/Warp/src/SEGGER_RTT.c.obj
                0x00000000000037fc                SEGGER_RTT_WriteString
 .text.SEGGER_RTT_GetKey
                0x0000000000003814       0x1e CMakeFiles/Warp.dir/home/students/tes46/4B25-CW3/build/ksdk1.1/work/demos/Warp/src/SEGGER_RTT.c.obj
                0x0000000000003814                SEGGER_RTT_GetKey
 *fill*         0x0000000000003832        0x2 
 .text.SEGGER_RTT_HasKey
                0x0000000000003834       0x20 CMakeFiles/Warp.dir/home/students/tes46/4B25-CW3/build/ksdk1.1/work/demos/Warp/src/SEGGER_RTT.c.obj
                0x0000000000003834                SEGGER_RTT_HasKey
 .text.SEGGER_RTT_ConfigUpBuffer
                0x0000000000003854       0x60 CMakeFiles/Warp.dir/home/students/tes46/4B25-CW3/build/ksdk1.1/work/demos/Warp/src/SEGGER_RTT.c.obj
                0x0000000000003854                SEGGER_RTT_ConfigUpBuffer
 .text._StoreChar
                0x00000000000038b4       0x3e CMakeFiles/Warp.dir/home/students/tes46/4B25-CW3/build/ksdk1.1/work/demos/Warp/src/SEGGER_RTT_printf.c.obj
 *fill*         0x00000000000038f2        0x2 
 .text._PrintUnsigned
                0x00000000000038f4       0xe0 CMakeFiles/Warp.dir/home/students/tes46/4B25-CW3/build/ksdk1.1/work/demos/Warp/src/SEGGER_RTT_printf.c.obj
 .text.SEGGER_RTT_vprintf
                0x00000000000039d4      0x26e CMakeFiles/Warp.dir/home/students/tes46/4B25-CW3/build/ksdk1.1/work/demos/Warp/src/SEGGER_RTT_printf.c.obj
                0x00000000000039d4                SEGGER_RTT_vprintf
 .text.I2C0_IRQHandler
                0x0000000000003c42        0xa CMakeFiles/Warp.dir/home/students/tes46/4B25-CW3/build/ksdk1.1/work/platform/drivers/src/i2c/fsl_i2c_irq.c.obj
                0x0000000000003c42                I2C0_IRQHandler
 .text.SPI0_IRQHandler
                0x0000000000003c4c        0xa CMakeFiles/Warp.dir/home/students/tes46/4B25-CW3/build/ksdk1.1/work/platform/drivers/src/spi/fsl_spi_irq.c.obj
                0x0000000000003c4c                SPI0_IRQHandler
 .text.LPUART0_IRQHandler
                0x0000000000003c56        0xa CMakeFiles/Warp.dir/home/students/tes46/4B25-CW3/build/ksdk1.1/work/platform/drivers/src/lpuart/fsl_lpuart_irq.c.obj
                0x0000000000003c56                LPUART0_IRQHandler
 .text.SystemInit
                0x0000000000003c60       0x84 CMakeFiles/Warp.dir/home/students/tes46/4B25-CW3/build/ksdk1.1/work/platform/startup/MKL03Z4/system_MKL03Z4.c.obj
                0x0000000000003c60                SystemInit
 .text.init_data_bss
                0x0000000000003ce4       0x70 CMakeFiles/Warp.dir/home/students/tes46/4B25-CW3/build/ksdk1.1/work/platform/startup/startup.c.obj
                0x0000000000003ce4                init_data_bss
 .text.OSA_SemaCreate
                0x0000000000003d54        0xe ../../../../lib/ksdk_platform_lib/armgcc/KL03Z4/release/libksdk_platform.a(fsl_os_abstraction_bm.c.obj)
                0x0000000000003d54                OSA_SemaCreate
 .text.OSA_SemaPost
                0x0000000000003d62       0x20 ../../../../lib/ksdk_platform_lib/armgcc/KL03Z4/release/libksdk_platform.a(fsl_os_abstraction_bm.c.obj)
                0x0000000000003d62                OSA_SemaPost
 .text.OSA_SemaDestroy
                0x0000000000003d82        0x4 ../../../../lib/ksdk_platform_lib/armgcc/KL03Z4/release/libksdk_platform.a(fsl_os_abstraction_bm.c.obj)
                0x0000000000003d82                OSA_SemaDestroy
 .text.OSA_EventSet
                0x0000000000003d86       0x18 ../../../../lib/ksdk_platform_lib/armgcc/KL03Z4/release/libksdk_platform.a(fsl_os_abstraction_bm.c.obj)
                0x0000000000003d86                OSA_EventSet
 *fill*         0x0000000000003d9e        0x2 
 .text.task_init
                0x0000000000003da0       0x38 ../../../../lib/ksdk_platform_lib/armgcc/KL03Z4/release/libksdk_platform.a(fsl_os_abstraction_bm.c.obj)
                0x0000000000003da0                task_init
 .text.OSA_TimeGetMsec
                0x0000000000003dd8       0x10 ../../../../lib/ksdk_platform_lib/armgcc/KL03Z4/release/libksdk_platform.a(fsl_os_abstraction_bm.c.obj)
                0x0000000000003dd8                OSA_TimeGetMsec
 .text.OSA_SemaWait
                0x0000000000003de8       0x7a ../../../../lib/ksdk_platform_lib/armgcc/KL03Z4/release/libksdk_platform.a(fsl_os_abstraction_bm.c.obj)
                0x0000000000003de8                OSA_SemaWait
 .text.OSA_TimeDelay
                0x0000000000003e62       0x26 ../../../../lib/ksdk_platform_lib/armgcc/KL03Z4/release/libksdk_platform.a(fsl_os_abstraction_bm.c.obj)
                0x0000000000003e62                OSA_TimeDelay
 .text.OSA_EnterCritical
                0x0000000000003e88        0xc ../../../../lib/ksdk_platform_lib/armgcc/KL03Z4/release/libksdk_platform.a(fsl_os_abstraction_bm.c.obj)
                0x0000000000003e88                OSA_EnterCritical
 .text.OSA_ExitCritical
                0x0000000000003e94        0xc ../../../../lib/ksdk_platform_lib/armgcc/KL03Z4/release/libksdk_platform.a(fsl_os_abstraction_bm.c.obj)
                0x0000000000003e94                OSA_ExitCritical
 .text.OSA_Init
                0x0000000000003ea0       0x48 ../../../../lib/ksdk_platform_lib/armgcc/KL03Z4/release/libksdk_platform.a(fsl_os_abstraction_bm.c.obj)
                0x0000000000003ea0                OSA_Init
 .text.CLOCK_SYS_Init
                0x0000000000003ee8       0x18 ../../../../lib/ksdk_platform_lib/armgcc/KL03Z4/release/libksdk_platform.a(fsl_clock_manager.c.obj)
                0x0000000000003ee8                CLOCK_SYS_Init
 .text.CLOCK_SYS_UpdateConfiguration
                0x0000000000003f00       0xfc ../../../../lib/ksdk_platform_lib/armgcc/KL03Z4/release/libksdk_platform.a(fsl_clock_manager.c.obj)
                0x0000000000003f00                CLOCK_SYS_UpdateConfiguration
 .text.CLOCK_SYS_GetCurrentConfiguration
                0x0000000000003ffc        0xc ../../../../lib/ksdk_platform_lib/armgcc/KL03Z4/release/libksdk_platform.a(fsl_clock_manager.c.obj)
                0x0000000000003ffc                CLOCK_SYS_GetCurrentConfiguration
 .text.CLOCK_SYS_SetMcgliteMode
                0x0000000000004008       0x84 ../../../../lib/ksdk_platform_lib/armgcc/KL03Z4/release/libksdk_platform.a(fsl_clock_manager.c.obj)
                0x0000000000004008                CLOCK_SYS_SetMcgliteMode
 .text.SIM_HAL_GetGateCmd.constprop.0
                0x000000000000408c       0x28 ../../../../lib/ksdk_platform_lib/armgcc/KL03Z4/release/libksdk_platform.a(fsl_clock_MKL03Z4.c.obj)
 .text.SIM_HAL_DisableClock.constprop.0
                0x00000000000040b4       0x24 ../../../../lib/ksdk_platform_lib/armgcc/KL03Z4/release/libksdk_platform.a(fsl_clock_MKL03Z4.c.obj)
 .text.SIM_HAL_EnableClock.constprop.0
                0x00000000000040d8       0x28 ../../../../lib/ksdk_platform_lib/armgcc/KL03Z4/release/libksdk_platform.a(fsl_clock_MKL03Z4.c.obj)
 .text.CLOCK_SYS_SetConfiguration
                0x0000000000004100       0x58 ../../../../lib/ksdk_platform_lib/armgcc/KL03Z4/release/libksdk_platform.a(fsl_clock_MKL03Z4.c.obj)
                0x0000000000004100                CLOCK_SYS_SetConfiguration
 .text.CLOCK_SYS_GetCoreClockFreq
                0x0000000000004158       0x20 ../../../../lib/ksdk_platform_lib/armgcc/KL03Z4/release/libksdk_platform.a(fsl_clock_MKL03Z4.c.obj)
                0x0000000000004158                CLOCK_SYS_GetCoreClockFreq
 .text.CLOCK_SYS_GetSystemClockFreq
                0x0000000000004178        0x8 ../../../../lib/ksdk_platform_lib/armgcc/KL03Z4/release/libksdk_platform.a(fsl_clock_MKL03Z4.c.obj)
                0x0000000000004178                CLOCK_SYS_GetSystemClockFreq
 .text.CLOCK_SYS_GetBusClockFreq
                0x0000000000004180       0x20 ../../../../lib/ksdk_platform_lib/armgcc/KL03Z4/release/libksdk_platform.a(fsl_clock_MKL03Z4.c.obj)
                0x0000000000004180                CLOCK_SYS_GetBusClockFreq
 .text.CLOCK_SYS_GetFlashClockFreq
                0x00000000000041a0        0x8 ../../../../lib/ksdk_platform_lib/armgcc/KL03Z4/release/libksdk_platform.a(fsl_clock_MKL03Z4.c.obj)
                0x00000000000041a0                CLOCK_SYS_GetFlashClockFreq
 .text.CLOCK_SYS_GetExternalRefClock32kFreq
                0x00000000000041a8       0x3c ../../../../lib/ksdk_platform_lib/armgcc/KL03Z4/release/libksdk_platform.a(fsl_clock_MKL03Z4.c.obj)
                0x00000000000041a8                CLOCK_SYS_GetExternalRefClock32kFreq
 .text.CLOCK_SYS_GetRtcFreq
                0x00000000000041e4        0x8 ../../../../lib/ksdk_platform_lib/armgcc/KL03Z4/release/libksdk_platform.a(fsl_clock_MKL03Z4.c.obj)
                0x00000000000041e4                CLOCK_SYS_GetRtcFreq
 .text.CLOCK_SYS_GetOsc0ExternalRefClockFreq
                0x00000000000041ec       0x20 ../../../../lib/ksdk_platform_lib/armgcc/KL03Z4/release/libksdk_platform.a(fsl_clock_MKL03Z4.c.obj)
                0x00000000000041ec                CLOCK_SYS_GetOsc0ExternalRefClockFreq
 .text.CLOCK_SYS_GetRtcOutFreq
                0x000000000000420c       0x18 ../../../../lib/ksdk_platform_lib/armgcc/KL03Z4/release/libksdk_platform.a(fsl_clock_MKL03Z4.c.obj)
                0x000000000000420c                CLOCK_SYS_GetRtcOutFreq
 .text.CLOCK_SYS_GetFreq
                0x0000000000004224       0x70 ../../../../lib/ksdk_platform_lib/armgcc/KL03Z4/release/libksdk_platform.a(fsl_clock_MKL03Z4.c.obj)
                0x0000000000004224                CLOCK_SYS_GetFreq
 .text.CLOCK_SYS_EnablePortClock
                0x0000000000004294       0x10 ../../../../lib/ksdk_platform_lib/armgcc/KL03Z4/release/libksdk_platform.a(fsl_clock_MKL03Z4.c.obj)
                0x0000000000004294                CLOCK_SYS_EnablePortClock
 .text.CLOCK_SYS_GetPortGateCmd
                0x00000000000042a4       0x10 ../../../../lib/ksdk_platform_lib/armgcc/KL03Z4/release/libksdk_platform.a(fsl_clock_MKL03Z4.c.obj)
                0x00000000000042a4                CLOCK_SYS_GetPortGateCmd
 .text.CLOCK_SYS_GetAdcGateCmd
                0x00000000000042b4        0xa ../../../../lib/ksdk_platform_lib/armgcc/KL03Z4/release/libksdk_platform.a(fsl_clock_MKL03Z4.c.obj)
                0x00000000000042b4                CLOCK_SYS_GetAdcGateCmd
 .text.CLOCK_SYS_EnableSpiClock
                0x00000000000042be        0xa ../../../../lib/ksdk_platform_lib/armgcc/KL03Z4/release/libksdk_platform.a(fsl_clock_MKL03Z4.c.obj)
                0x00000000000042be                CLOCK_SYS_EnableSpiClock
 .text.CLOCK_SYS_DisableSpiClock
                0x00000000000042c8        0xa ../../../../lib/ksdk_platform_lib/armgcc/KL03Z4/release/libksdk_platform.a(fsl_clock_MKL03Z4.c.obj)
                0x00000000000042c8                CLOCK_SYS_DisableSpiClock
 .text.CLOCK_SYS_GetSpiGateCmd
                0x00000000000042d2        0xa ../../../../lib/ksdk_platform_lib/armgcc/KL03Z4/release/libksdk_platform.a(fsl_clock_MKL03Z4.c.obj)
                0x00000000000042d2                CLOCK_SYS_GetSpiGateCmd
 .text.CLOCK_SYS_EnableI2cClock
                0x00000000000042dc        0xa ../../../../lib/ksdk_platform_lib/armgcc/KL03Z4/release/libksdk_platform.a(fsl_clock_MKL03Z4.c.obj)
                0x00000000000042dc                CLOCK_SYS_EnableI2cClock
 .text.CLOCK_SYS_DisableI2cClock
                0x00000000000042e6        0xa ../../../../lib/ksdk_platform_lib/armgcc/KL03Z4/release/libksdk_platform.a(fsl_clock_MKL03Z4.c.obj)
                0x00000000000042e6                CLOCK_SYS_DisableI2cClock
 .text.CLOCK_SYS_GetI2cGateCmd
                0x00000000000042f0        0xa ../../../../lib/ksdk_platform_lib/armgcc/KL03Z4/release/libksdk_platform.a(fsl_clock_MKL03Z4.c.obj)
                0x00000000000042f0                CLOCK_SYS_GetI2cGateCmd
 .text.CLOCK_SYS_GetLpuartGateCmd
                0x00000000000042fa        0xa ../../../../lib/ksdk_platform_lib/armgcc/KL03Z4/release/libksdk_platform.a(fsl_clock_MKL03Z4.c.obj)
                0x00000000000042fa                CLOCK_SYS_GetLpuartGateCmd
 .text.CLOCK_SYS_GetTpmGateCmd
                0x0000000000004304       0x10 ../../../../lib/ksdk_platform_lib/armgcc/KL03Z4/release/libksdk_platform.a(fsl_clock_MKL03Z4.c.obj)
                0x0000000000004304                CLOCK_SYS_GetTpmGateCmd
 .text.INT_SYS_EnableIRQGlobal
                0x0000000000004314       0x18 ../../../../lib/ksdk_platform_lib/armgcc/KL03Z4/release/libksdk_platform.a(fsl_interrupt_manager.c.obj)
                0x0000000000004314                INT_SYS_EnableIRQGlobal
 .text.INT_SYS_DisableIRQGlobal
                0x000000000000432c       0x10 ../../../../lib/ksdk_platform_lib/armgcc/KL03Z4/release/libksdk_platform.a(fsl_interrupt_manager.c.obj)
                0x000000000000432c                INT_SYS_DisableIRQGlobal
 .text.POWER_SYS_WaitForVlprStatus
                0x000000000000433c       0x24 ../../../../lib/ksdk_platform_lib/armgcc/KL03Z4/release/libksdk_platform.a(fsl_power_manager.c.obj)
 .text.POWER_SYS_WaitForRunStatus
                0x0000000000004360       0x3c ../../../../lib/ksdk_platform_lib/armgcc/KL03Z4/release/libksdk_platform.a(fsl_power_manager.c.obj)
 .text.POWER_SYS_Init
                0x000000000000439c       0x44 ../../../../lib/ksdk_platform_lib/armgcc/KL03Z4/release/libksdk_platform.a(fsl_power_manager.c.obj)
                0x000000000000439c                POWER_SYS_Init
 .text.POWER_SYS_SetMode
                0x00000000000043e0      0x2e8 ../../../../lib/ksdk_platform_lib/armgcc/KL03Z4/release/libksdk_platform.a(fsl_power_manager.c.obj)
                0x00000000000043e0                POWER_SYS_SetMode
 .text.POWER_SYS_GetCurrentMode
                0x00000000000046c8       0x20 ../../../../lib/ksdk_platform_lib/armgcc/KL03Z4/release/libksdk_platform.a(fsl_power_manager.c.obj)
                0x00000000000046c8                POWER_SYS_GetCurrentMode
 .text.GPIO_DRV_InputPinInit
                0x00000000000046e8       0x90 ../../../../lib/ksdk_platform_lib/armgcc/KL03Z4/release/libksdk_platform.a(fsl_gpio_driver.c.obj)
                0x00000000000046e8                GPIO_DRV_InputPinInit
 .text.GPIO_DRV_OutputPinInit
                0x0000000000004778       0x58 ../../../../lib/ksdk_platform_lib/armgcc/KL03Z4/release/libksdk_platform.a(fsl_gpio_driver.c.obj)
                0x0000000000004778                GPIO_DRV_OutputPinInit
 .text.GPIO_DRV_Init
                0x00000000000047d0       0x34 ../../../../lib/ksdk_platform_lib/armgcc/KL03Z4/release/libksdk_platform.a(fsl_gpio_driver.c.obj)
                0x00000000000047d0                GPIO_DRV_Init
 .text.GPIO_DRV_SetPinOutput
                0x0000000000004804       0x1c ../../../../lib/ksdk_platform_lib/armgcc/KL03Z4/release/libksdk_platform.a(fsl_gpio_driver.c.obj)
                0x0000000000004804                GPIO_DRV_SetPinOutput
 .text.GPIO_DRV_ClearPinOutput
                0x0000000000004820       0x1c ../../../../lib/ksdk_platform_lib/armgcc/KL03Z4/release/libksdk_platform.a(fsl_gpio_driver.c.obj)
                0x0000000000004820                GPIO_DRV_ClearPinOutput
 .text.I2C_DRV_IRQHandler
                0x000000000000483c       0x28 ../../../../lib/ksdk_platform_lib/armgcc/KL03Z4/release/libksdk_platform.a(fsl_i2c_shared_function.c.obj)
                0x000000000000483c                I2C_DRV_IRQHandler
 .text.I2C_HAL_WriteByte
                0x0000000000004864       0x14 ../../../../lib/ksdk_platform_lib/armgcc/KL03Z4/release/libksdk_platform.a(fsl_i2c_master_driver.c.obj)
 .text.I2C_DRV_MasterWait
                0x0000000000004878       0x2c ../../../../lib/ksdk_platform_lib/armgcc/KL03Z4/release/libksdk_platform.a(fsl_i2c_master_driver.c.obj)
 .text.I2C_DRV_CompleteTransfer
                0x00000000000048a4       0x4c ../../../../lib/ksdk_platform_lib/armgcc/KL03Z4/release/libksdk_platform.a(fsl_i2c_master_driver.c.obj)
 .text.I2C_DRV_SendAddress.isra.0
                0x00000000000048f0       0xe8 ../../../../lib/ksdk_platform_lib/armgcc/KL03Z4/release/libksdk_platform.a(fsl_i2c_master_driver.c.obj)
 .text.I2C_DRV_MasterInit
                0x00000000000049d8       0x78 ../../../../lib/ksdk_platform_lib/armgcc/KL03Z4/release/libksdk_platform.a(fsl_i2c_master_driver.c.obj)
                0x00000000000049d8                I2C_DRV_MasterInit
 .text.I2C_DRV_MasterDeinit
                0x0000000000004a50       0x4c ../../../../lib/ksdk_platform_lib/armgcc/KL03Z4/release/libksdk_platform.a(fsl_i2c_master_driver.c.obj)
                0x0000000000004a50                I2C_DRV_MasterDeinit
 .text.I2C_DRV_MasterSetBaudRate
                0x0000000000004a9c       0x34 ../../../../lib/ksdk_platform_lib/armgcc/KL03Z4/release/libksdk_platform.a(fsl_i2c_master_driver.c.obj)
                0x0000000000004a9c                I2C_DRV_MasterSetBaudRate
 .text.I2C_DRV_MasterSend
                0x0000000000004ad0       0xe0 ../../../../lib/ksdk_platform_lib/armgcc/KL03Z4/release/libksdk_platform.a(fsl_i2c_master_driver.c.obj)
 .text.I2C_DRV_MasterReceive
                0x0000000000004bb0       0xf0 ../../../../lib/ksdk_platform_lib/armgcc/KL03Z4/release/libksdk_platform.a(fsl_i2c_master_driver.c.obj)
 .text.I2C_DRV_MasterSendDataBlocking
                0x0000000000004ca0       0x1a ../../../../lib/ksdk_platform_lib/armgcc/KL03Z4/release/libksdk_platform.a(fsl_i2c_master_driver.c.obj)
                0x0000000000004ca0                I2C_DRV_MasterSendDataBlocking
 .text.I2C_DRV_MasterReceiveDataBlocking
                0x0000000000004cba       0x1a ../../../../lib/ksdk_platform_lib/armgcc/KL03Z4/release/libksdk_platform.a(fsl_i2c_master_driver.c.obj)
                0x0000000000004cba                I2C_DRV_MasterReceiveDataBlocking
 .text.I2C_DRV_MasterIRQHandler
                0x0000000000004cd4       0x9c ../../../../lib/ksdk_platform_lib/armgcc/KL03Z4/release/libksdk_platform.a(fsl_i2c_master_driver.c.obj)
                0x0000000000004cd4                I2C_DRV_MasterIRQHandler
 .text.I2C_HAL_ClearInt
                0x0000000000004d70        0xe ../../../../lib/ksdk_platform_lib/armgcc/KL03Z4/release/libksdk_platform.a(fsl_i2c_slave_driver.c.obj)
 *fill*         0x0000000000004d7e        0x2 
 .text.I2C_DRV_SlaveIRQHandler
                0x0000000000004d80      0x250 ../../../../lib/ksdk_platform_lib/armgcc/KL03Z4/release/libksdk_platform.a(fsl_i2c_slave_driver.c.obj)
                0x0000000000004d80                I2C_DRV_SlaveIRQHandler
 .text.LLWU_HAL_ClearExternalPinWakeupFlag
                0x0000000000004fd0       0x24 ../../../../lib/ksdk_platform_lib/armgcc/KL03Z4/release/libksdk_platform.a(fsl_llwu_hal.c.obj)
                0x0000000000004fd0                LLWU_HAL_ClearExternalPinWakeupFlag
 .text.LPUART_DRV_CompleteSendData
                0x0000000000004ff4       0x34 ../../../../lib/ksdk_platform_lib/armgcc/KL03Z4/release/libksdk_platform.a(fsl_lpuart_driver.c.obj)
 .text.LPUART_DRV_CompleteReceiveData
                0x0000000000005028       0x40 ../../../../lib/ksdk_platform_lib/armgcc/KL03Z4/release/libksdk_platform.a(fsl_lpuart_driver.c.obj)
 .text.LPUART_DRV_IrqHandler
                0x0000000000005068       0xbc ../../../../lib/ksdk_platform_lib/armgcc/KL03Z4/release/libksdk_platform.a(fsl_lpuart_driver.c.obj)
                0x0000000000005068                LPUART_DRV_IrqHandler
 .text.CLOCK_HAL_GetLircClk
                0x0000000000005124       0x34 ../../../../lib/ksdk_platform_lib/armgcc/KL03Z4/release/libksdk_platform.a(fsl_mcglite_hal.c.obj)
                0x0000000000005124                CLOCK_HAL_GetLircClk
 .text.CLOCK_HAL_GetInternalRefClk
                0x0000000000005158       0x2c ../../../../lib/ksdk_platform_lib/armgcc/KL03Z4/release/libksdk_platform.a(fsl_mcglite_hal.c.obj)
                0x0000000000005158                CLOCK_HAL_GetInternalRefClk
 .text.CLOCK_HAL_GetOutClk
                0x0000000000005184       0x48 ../../../../lib/ksdk_platform_lib/armgcc/KL03Z4/release/libksdk_platform.a(fsl_mcglite_hal.c.obj)
                0x0000000000005184                CLOCK_HAL_GetOutClk
 .text.CLOCK_HAL_GetMode
                0x00000000000051cc       0x38 ../../../../lib/ksdk_platform_lib/armgcc/KL03Z4/release/libksdk_platform.a(fsl_mcglite_hal_modes.c.obj)
                0x00000000000051cc                CLOCK_HAL_GetMode
 .text.CLOCK_HAL_SetHircMode
                0x0000000000005204       0x38 ../../../../lib/ksdk_platform_lib/armgcc/KL03Z4/release/libksdk_platform.a(fsl_mcglite_hal_modes.c.obj)
                0x0000000000005204                CLOCK_HAL_SetHircMode
 .text.CLOCK_HAL_SetLircMode
                0x000000000000523c       0x84 ../../../../lib/ksdk_platform_lib/armgcc/KL03Z4/release/libksdk_platform.a(fsl_mcglite_hal_modes.c.obj)
                0x000000000000523c                CLOCK_HAL_SetLircMode
 .text.CLOCK_HAL_SetExtMode
                0x00000000000052c0       0x38 ../../../../lib/ksdk_platform_lib/armgcc/KL03Z4/release/libksdk_platform.a(fsl_mcglite_hal_modes.c.obj)
                0x00000000000052c0                CLOCK_HAL_SetExtMode
 .text.OSC_HAL_SetExternalRefClkCmd
                0x00000000000052f8        0xe ../../../../lib/ksdk_platform_lib/armgcc/KL03Z4/release/libksdk_platform.a(fsl_osc_hal.c.obj)
                0x00000000000052f8                OSC_HAL_SetExternalRefClkCmd
 .text.OSC_HAL_GetExternalRefClkCmd
                0x0000000000005306       0x10 ../../../../lib/ksdk_platform_lib/armgcc/KL03Z4/release/libksdk_platform.a(fsl_osc_hal.c.obj)
                0x0000000000005306                OSC_HAL_GetExternalRefClkCmd
 .text.OSC_HAL_SetExternalRefClkInStopModeCmd
                0x0000000000005316        0xe ../../../../lib/ksdk_platform_lib/armgcc/KL03Z4/release/libksdk_platform.a(fsl_osc_hal.c.obj)
                0x0000000000005316                OSC_HAL_SetExternalRefClkInStopModeCmd
 .text.RTC_HAL_ConvertSecsToDatetime
                0x0000000000005324       0x9c ../../../../lib/ksdk_platform_lib/armgcc/KL03Z4/release/libksdk_platform.a(fsl_rtc_hal.c.obj)
                0x0000000000005324                RTC_HAL_ConvertSecsToDatetime
 .text.RTC_HAL_IsDatetimeCorrectFormat
                0x00000000000053c0       0x54 ../../../../lib/ksdk_platform_lib/armgcc/KL03Z4/release/libksdk_platform.a(fsl_rtc_hal.c.obj)
                0x00000000000053c0                RTC_HAL_IsDatetimeCorrectFormat
 .text.RTC_HAL_ConvertDatetimeToSecs
                0x0000000000005414       0x5c ../../../../lib/ksdk_platform_lib/armgcc/KL03Z4/release/libksdk_platform.a(fsl_rtc_hal.c.obj)
                0x0000000000005414                RTC_HAL_ConvertDatetimeToSecs
 .text.RTC_HAL_Enable
                0x0000000000005470       0x28 ../../../../lib/ksdk_platform_lib/armgcc/KL03Z4/release/libksdk_platform.a(fsl_rtc_hal.c.obj)
                0x0000000000005470                RTC_HAL_Enable
 .text.RTC_HAL_Init
                0x0000000000005498       0x38 ../../../../lib/ksdk_platform_lib/armgcc/KL03Z4/release/libksdk_platform.a(fsl_rtc_hal.c.obj)
                0x0000000000005498                RTC_HAL_Init
 .text.RTC_HAL_SetDatetimeInsecs
                0x00000000000054d0       0x18 ../../../../lib/ksdk_platform_lib/armgcc/KL03Z4/release/libksdk_platform.a(fsl_rtc_hal.c.obj)
                0x00000000000054d0                RTC_HAL_SetDatetimeInsecs
 .text.RTC_HAL_GetDatetimeInSecs
                0x00000000000054e8        0x6 ../../../../lib/ksdk_platform_lib/armgcc/KL03Z4/release/libksdk_platform.a(fsl_rtc_hal.c.obj)
                0x00000000000054e8                RTC_HAL_GetDatetimeInSecs
 *fill*         0x00000000000054ee        0x2 
 .text.RTC_DRV_Init
                0x00000000000054f0       0x58 ../../../../lib/ksdk_platform_lib/armgcc/KL03Z4/release/libksdk_platform.a(fsl_rtc_driver.c.obj)
                0x00000000000054f0                RTC_DRV_Init
 .text.RTC_DRV_SetDatetime
                0x0000000000005548       0x50 ../../../../lib/ksdk_platform_lib/armgcc/KL03Z4/release/libksdk_platform.a(fsl_rtc_driver.c.obj)
                0x0000000000005548                RTC_DRV_SetDatetime
 .text.RTC_DRV_GetDatetime
                0x0000000000005598       0x58 ../../../../lib/ksdk_platform_lib/armgcc/KL03Z4/release/libksdk_platform.a(fsl_rtc_driver.c.obj)
                0x0000000000005598                RTC_DRV_GetDatetime
 .text.RTC_DRV_SetAlarm
                0x00000000000055f0       0x6c ../../../../lib/ksdk_platform_lib/armgcc/KL03Z4/release/libksdk_platform.a(fsl_rtc_driver.c.obj)
                0x00000000000055f0                RTC_DRV_SetAlarm
 .text.RTC_DRV_SetAlarmIntCmd
                0x000000000000565c       0x18 ../../../../lib/ksdk_platform_lib/armgcc/KL03Z4/release/libksdk_platform.a(fsl_rtc_driver.c.obj)
                0x000000000000565c                RTC_DRV_SetAlarmIntCmd
 .text.RTC_DRV_IsAlarmPending
                0x0000000000005674       0x1c ../../../../lib/ksdk_platform_lib/armgcc/KL03Z4/release/libksdk_platform.a(fsl_rtc_driver.c.obj)
                0x0000000000005674                RTC_DRV_IsAlarmPending
 .text.CLOCK_HAL_SetOutDiv
                0x0000000000005690       0x1c ../../../../lib/ksdk_platform_lib/armgcc/KL03Z4/release/libksdk_platform.a(fsl_sim_hal_MKL03Z4.c.obj)
                0x0000000000005690                CLOCK_HAL_SetOutDiv
 .text.SPI_DRV_IRQHandler
                0x00000000000056ac       0x28 ../../../../lib/ksdk_platform_lib/armgcc/KL03Z4/release/libksdk_platform.a(fsl_spi_shared_function.c.obj)
                0x00000000000056ac                SPI_DRV_IRQHandler
 .text.SPI_DRV_MasterCompleteTransfer
                0x00000000000056d4       0x3c ../../../../lib/ksdk_platform_lib/armgcc/KL03Z4/release/libksdk_platform.a(fsl_spi_master_driver.c.obj)
 .text.SPI_DRV_MasterInit
                0x0000000000005710       0x84 ../../../../lib/ksdk_platform_lib/armgcc/KL03Z4/release/libksdk_platform.a(fsl_spi_master_driver.c.obj)
                0x0000000000005710                SPI_DRV_MasterInit
 .text.SPI_DRV_MasterDeinit
                0x0000000000005794       0x48 ../../../../lib/ksdk_platform_lib/armgcc/KL03Z4/release/libksdk_platform.a(fsl_spi_master_driver.c.obj)
                0x0000000000005794                SPI_DRV_MasterDeinit
 .text.SPI_DRV_MasterConfigureBus
                0x00000000000057dc       0x34 ../../../../lib/ksdk_platform_lib/armgcc/KL03Z4/release/libksdk_platform.a(fsl_spi_master_driver.c.obj)
                0x00000000000057dc                SPI_DRV_MasterConfigureBus
 .text.SPI_DRV_MasterStartTransfer
                0x0000000000005810       0x84 ../../../../lib/ksdk_platform_lib/armgcc/KL03Z4/release/libksdk_platform.a(fsl_spi_master_driver.c.obj)
 .text.SPI_DRV_MasterTransferBlocking
                0x0000000000005894       0x58 ../../../../lib/ksdk_platform_lib/armgcc/KL03Z4/release/libksdk_platform.a(fsl_spi_master_driver.c.obj)
                0x0000000000005894                SPI_DRV_MasterTransferBlocking
 .text.SPI_DRV_MasterIRQHandler
                0x00000000000058ec       0x84 ../../../../lib/ksdk_platform_lib/armgcc/KL03Z4/release/libksdk_platform.a(fsl_spi_master_driver.c.obj)
                0x00000000000058ec                SPI_DRV_MasterIRQHandler
 .text.SPI_DRV_SlaveCompleteTransfer
                0x0000000000005970       0x4c ../../../../lib/ksdk_platform_lib/armgcc/KL03Z4/release/libksdk_platform.a(fsl_spi_slave_driver.c.obj)
 .text.SPI_DRV_SlaveIRQHandler
                0x00000000000059bc       0xa0 ../../../../lib/ksdk_platform_lib/armgcc/KL03Z4/release/libksdk_platform.a(fsl_spi_slave_driver.c.obj)
                0x00000000000059bc                SPI_DRV_SlaveIRQHandler
 .text.SMC_HAL_GetProtectionMode
                0x0000000000005a5c       0x20 ../../../../lib/ksdk_platform_lib/armgcc/KL03Z4/release/libksdk_platform.a(fsl_smc_hal.c.obj)
                0x0000000000005a5c                SMC_HAL_GetProtectionMode
 .text.SMC_HAL_SetRunMode
                0x0000000000005a7c       0x14 ../../../../lib/ksdk_platform_lib/armgcc/KL03Z4/release/libksdk_platform.a(fsl_smc_hal.c.obj)
                0x0000000000005a7c                SMC_HAL_SetRunMode
 .text.SMC_HAL_SetPorMode
                0x0000000000005a90       0x10 ../../../../lib/ksdk_platform_lib/armgcc/KL03Z4/release/libksdk_platform.a(fsl_smc_hal.c.obj)
                0x0000000000005a90                SMC_HAL_SetPorMode
 .text.SMC_HAL_SetPstopMode
                0x0000000000005aa0       0x14 ../../../../lib/ksdk_platform_lib/armgcc/KL03Z4/release/libksdk_platform.a(fsl_smc_hal.c.obj)
                0x0000000000005aa0                SMC_HAL_SetPstopMode
 .text.SMC_HAL_SetLpoMode
                0x0000000000005ab4       0x10 ../../../../lib/ksdk_platform_lib/armgcc/KL03Z4/release/libksdk_platform.a(fsl_smc_hal.c.obj)
                0x0000000000005ab4                SMC_HAL_SetLpoMode
 .text.SMC_HAL_SetMode
                0x0000000000005ac4       0xf0 ../../../../lib/ksdk_platform_lib/armgcc/KL03Z4/release/libksdk_platform.a(fsl_smc_hal.c.obj)
                0x0000000000005ac4                SMC_HAL_SetMode
 .text.SMC_HAL_GetStat
                0x0000000000005bb4       0x10 ../../../../lib/ksdk_platform_lib/armgcc/KL03Z4/release/libksdk_platform.a(fsl_smc_hal.c.obj)
                0x0000000000005bb4                SMC_HAL_GetStat
 .text.GPIO_HAL_SetPinDir
                0x0000000000005bc4       0x1e ../../../../lib/ksdk_platform_lib/armgcc/KL03Z4/release/libksdk_platform.a(fsl_gpio_hal.c.obj)
                0x0000000000005bc4                GPIO_HAL_SetPinDir
 .text.GPIO_HAL_WritePinOutput
                0x0000000000005be2       0x10 ../../../../lib/ksdk_platform_lib/armgcc/KL03Z4/release/libksdk_platform.a(fsl_gpio_hal.c.obj)
                0x0000000000005be2                GPIO_HAL_WritePinOutput
 .text.I2C_HAL_Init
                0x0000000000005bf2       0x1c ../../../../lib/ksdk_platform_lib/armgcc/KL03Z4/release/libksdk_platform.a(fsl_i2c_hal.c.obj)
                0x0000000000005bf2                I2C_HAL_Init
 *fill*         0x0000000000005c0e        0x2 
 .text.I2C_HAL_SetBaudRate
                0x0000000000005c10       0x8c ../../../../lib/ksdk_platform_lib/armgcc/KL03Z4/release/libksdk_platform.a(fsl_i2c_hal.c.obj)
                0x0000000000005c10                I2C_HAL_SetBaudRate
 .text.I2C_HAL_SendStart
                0x0000000000005c9c       0x24 ../../../../lib/ksdk_platform_lib/armgcc/KL03Z4/release/libksdk_platform.a(fsl_i2c_hal.c.obj)
                0x0000000000005c9c                I2C_HAL_SendStart
 .text.I2C_HAL_SendStop
                0x0000000000005cc0       0x42 ../../../../lib/ksdk_platform_lib/armgcc/KL03Z4/release/libksdk_platform.a(fsl_i2c_hal.c.obj)
                0x0000000000005cc0                I2C_HAL_SendStop
 .text.LPUART_HAL_SetIntMode
                0x0000000000005d02       0x50 ../../../../lib/ksdk_platform_lib/armgcc/KL03Z4/release/libksdk_platform.a(fsl_lpuart_hal.c.obj)
                0x0000000000005d02                LPUART_HAL_SetIntMode
 .text.LPUART_HAL_GetIntMode
                0x0000000000005d52       0x32 ../../../../lib/ksdk_platform_lib/armgcc/KL03Z4/release/libksdk_platform.a(fsl_lpuart_hal.c.obj)
                0x0000000000005d52                LPUART_HAL_GetIntMode
 .text.LPUART_HAL_GetStatusFlag
                0x0000000000005d84        0x8 ../../../../lib/ksdk_platform_lib/armgcc/KL03Z4/release/libksdk_platform.a(fsl_lpuart_hal.c.obj)
                0x0000000000005d84                LPUART_HAL_GetStatusFlag
 .text.LPUART_HAL_ClearStatusFlag
                0x0000000000005d8c       0xac ../../../../lib/ksdk_platform_lib/armgcc/KL03Z4/release/libksdk_platform.a(fsl_lpuart_hal.c.obj)
                0x0000000000005d8c                LPUART_HAL_ClearStatusFlag
 .text.SPI_HAL_Init
                0x0000000000005e38        0xe ../../../../lib/ksdk_platform_lib/armgcc/KL03Z4/release/libksdk_platform.a(fsl_spi_hal.c.obj)
                0x0000000000005e38                SPI_HAL_Init
 .text.SPI_HAL_SetBaud
                0x0000000000005e46       0x6e ../../../../lib/ksdk_platform_lib/armgcc/KL03Z4/release/libksdk_platform.a(fsl_spi_hal.c.obj)
                0x0000000000005e46                SPI_HAL_SetBaud
 .text.SPI_HAL_SetSlaveSelectOutputMode
                0x0000000000005eb4       0x24 ../../../../lib/ksdk_platform_lib/armgcc/KL03Z4/release/libksdk_platform.a(fsl_spi_hal.c.obj)
                0x0000000000005eb4                SPI_HAL_SetSlaveSelectOutputMode
 .text.SPI_HAL_SetDataFormat
                0x0000000000005ed8       0x26 ../../../../lib/ksdk_platform_lib/armgcc/KL03Z4/release/libksdk_platform.a(fsl_spi_hal.c.obj)
                0x0000000000005ed8                SPI_HAL_SetDataFormat
 .text.SPI_HAL_SetPinMode
                0x0000000000005efe       0x1e ../../../../lib/ksdk_platform_lib/armgcc/KL03Z4/release/libksdk_platform.a(fsl_spi_hal.c.obj)
                0x0000000000005efe                SPI_HAL_SetPinMode
 *(.rodata)
 .rodata        0x0000000000005f1c        0x4 /usr/lib/gcc/arm-none-eabi/9.2.1/../../../arm-none-eabi/lib/thumb/v6-m/nofp/libc_nano.a(lib_a-impure.o)
                0x0000000000005f1c                _global_impure_ptr
 .rodata        0x0000000000005f20       0x40 /usr/lib/gcc/arm-none-eabi/9.2.1/thumb/v6-m/nofp/libgcc.a(muldf3.o)
 *(.rodata*)
 .rodata.debugPrintSPIsinkBuffer.str1.1
                0x0000000000005f60       0x2a CMakeFiles/Warp.dir/home/students/tes46/4B25-CW3/build/ksdk1.1/work/demos/Warp/src/boot.c.obj
                                         0x2c (size before relaxing)
 .rodata.warpLowPowerSecondsSleep.str1.1
                0x0000000000005f8a       0x5e CMakeFiles/Warp.dir/home/students/tes46/4B25-CW3/build/ksdk1.1/work/demos/Warp/src/boot.c.obj
 .rodata.printBootSplash.str1.1
                0x0000000000005fe8      0x212 CMakeFiles/Warp.dir/home/students/tes46/4B25-CW3/build/ksdk1.1/work/demos/Warp/src/boot.c.obj
 .rodata.loopForSensor.str1.1
                0x00000000000061fa       0xd8 CMakeFiles/Warp.dir/home/students/tes46/4B25-CW3/build/ksdk1.1/work/demos/Warp/src/boot.c.obj
 .rodata.loopForCurrentSensor.str1.1
                0x00000000000062d2       0x1e CMakeFiles/Warp.dir/home/students/tes46/4B25-CW3/build/ksdk1.1/work/demos/Warp/src/boot.c.obj
 .rodata.main.str1.1
                0x00000000000062f0     0x1343 CMakeFiles/Warp.dir/home/students/tes46/4B25-CW3/build/ksdk1.1/work/demos/Warp/src/boot.c.obj
                                       0x1352 (size before relaxing)
 .rodata.gWarpEfmt
                0x0000000000007633       0x26 CMakeFiles/Warp.dir/home/students/tes46/4B25-CW3/build/ksdk1.1/work/demos/Warp/src/errstrsEN.c.obj
                0x0000000000007633                gWarpEfmt
 .rodata.devSSD1331init.str1.1
                0x0000000000007659       0xde CMakeFiles/Warp.dir/home/students/tes46/4B25-CW3/build/ksdk1.1/work/demos/Warp/src/devSSD1331.c.obj
 .rodata.readSensorRegister_INA219.str1.1
                0x0000000000007737        0x2 CMakeFiles/Warp.dir/home/students/tes46/4B25-CW3/build/ksdk1.1/work/demos/Warp/src/dev_INA219.c.obj
 .rodata.parseINA219Register.str1.1
                0x0000000000007739       0x9a CMakeFiles/Warp.dir/home/students/tes46/4B25-CW3/build/ksdk1.1/work/demos/Warp/src/dev_INA219.c.obj
                                         0xb8 (size before relaxing)
 .rodata._DoInit.str1.1
                0x00000000000077d3       0x14 CMakeFiles/Warp.dir/home/students/tes46/4B25-CW3/build/ksdk1.1/work/demos/Warp/src/SEGGER_RTT.c.obj
 .rodata._aV2C.4439
                0x00000000000077e7       0x10 CMakeFiles/Warp.dir/home/students/tes46/4B25-CW3/build/ksdk1.1/work/demos/Warp/src/SEGGER_RTT_printf.c.obj
 .rodata.portGateTable
                0x00000000000077f7        0x2 ../../../../lib/ksdk_platform_lib/armgcc/KL03Z4/release/libksdk_platform.a(fsl_clock_MKL03Z4.c.obj)
 .rodata.tpmGateTable
                0x00000000000077f9        0x2 ../../../../lib/ksdk_platform_lib/armgcc/KL03Z4/release/libksdk_platform.a(fsl_clock_MKL03Z4.c.obj)
 *fill*         0x00000000000077fb        0x1 
 .rodata.g_i2cBaseAddr
                0x00000000000077fc        0x4 ../../../../lib/ksdk_platform_lib/armgcc/KL03Z4/release/libksdk_platform.a(fsl_i2c_common.c.obj)
                0x00000000000077fc                g_i2cBaseAddr
 .rodata.g_i2cIrqId
                0x0000000000007800        0x1 ../../../../lib/ksdk_platform_lib/armgcc/KL03Z4/release/libksdk_platform.a(fsl_i2c_common.c.obj)
                0x0000000000007800                g_i2cIrqId
 *fill*         0x0000000000007801        0x3 
 .rodata.g_lpuartBaseAddr
                0x0000000000007804        0x4 ../../../../lib/ksdk_platform_lib/armgcc/KL03Z4/release/libksdk_platform.a(fsl_lpuart_common.c.obj)
                0x0000000000007804                g_lpuartBaseAddr
 .rodata.LY     0x0000000000007808        0xd ../../../../lib/ksdk_platform_lib/armgcc/KL03Z4/release/libksdk_platform.a(fsl_rtc_hal.c.obj)
 *fill*         0x0000000000007815        0x1 
 .rodata.MONTH_DAYS
                0x0000000000007816       0x1a ../../../../lib/ksdk_platform_lib/armgcc/KL03Z4/release/libksdk_platform.a(fsl_rtc_hal.c.obj)
 .rodata.ULY    0x0000000000007830        0xd ../../../../lib/ksdk_platform_lib/armgcc/KL03Z4/release/libksdk_platform.a(fsl_rtc_hal.c.obj)
 *fill*         0x000000000000783d        0x3 
 .rodata.g_rtcBaseAddr
                0x0000000000007840        0x4 ../../../../lib/ksdk_platform_lib/armgcc/KL03Z4/release/libksdk_platform.a(fsl_rtc_common.c.obj)
                0x0000000000007840                g_rtcBaseAddr
 .rodata.g_rtcIrqId
                0x0000000000007844        0x1 ../../../../lib/ksdk_platform_lib/armgcc/KL03Z4/release/libksdk_platform.a(fsl_rtc_common.c.obj)
                0x0000000000007844                g_rtcIrqId
 .rodata.g_rtcSecondsIrqId
                0x0000000000007845        0x1 ../../../../lib/ksdk_platform_lib/armgcc/KL03Z4/release/libksdk_platform.a(fsl_rtc_common.c.obj)
                0x0000000000007845                g_rtcSecondsIrqId
 *fill*         0x0000000000007846        0x2 
 .rodata.g_spiBaseAddr
                0x0000000000007848        0x4 ../../../../lib/ksdk_platform_lib/armgcc/KL03Z4/release/libksdk_platform.a(fsl_spi_common.c.obj)
                0x0000000000007848                g_spiBaseAddr
 .rodata.g_spiIrqId
                0x000000000000784c        0x1 ../../../../lib/ksdk_platform_lib/armgcc/KL03Z4/release/libksdk_platform.a(fsl_spi_common.c.obj)
                0x000000000000784c                g_spiIrqId
 *fill*         0x000000000000784d        0x3 
 .rodata.g_oscBaseAddr
                0x0000000000007850        0x4 ../../../../lib/ksdk_platform_lib/armgcc/KL03Z4/release/libksdk_platform.a(fsl_clock_manager_common.c.obj)
                0x0000000000007850                g_oscBaseAddr
 .rodata.g_gpioBaseAddr
                0x0000000000007854        0x8 ../../../../lib/ksdk_platform_lib/armgcc/KL03Z4/release/libksdk_platform.a(fsl_gpio_common.c.obj)
                0x0000000000007854                g_gpioBaseAddr
 .rodata.g_portBaseAddr
                0x000000000000785c        0x8 ../../../../lib/ksdk_platform_lib/armgcc/KL03Z4/release/libksdk_platform.a(fsl_gpio_common.c.obj)
                0x000000000000785c                g_portBaseAddr
 .rodata.g_portIrqId
                0x0000000000007864        0x2 ../../../../lib/ksdk_platform_lib/armgcc/KL03Z4/release/libksdk_platform.a(fsl_gpio_common.c.obj)
                0x0000000000007864                g_portIrqId
 .rodata.kI2CDividerTable
                0x0000000000007866       0xc8 ../../../../lib/ksdk_platform_lib/armgcc/KL03Z4/release/libksdk_platform.a(fsl_i2c_hal.c.obj)
                0x0000000000007866                kI2CDividerTable
 *fill*         0x000000000000792e        0x2 
 .rodata.str1.4
                0x0000000000007930       0x13 /usr/lib/gcc/arm-none-eabi/9.2.1/../../../arm-none-eabi/lib/thumb/v6-m/nofp/libc_nano.a(lib_a-nano-svfprintf.o)
 *fill*         0x0000000000007943        0x1 
 .rodata.str1.4
                0x0000000000007944       0x25 /usr/lib/gcc/arm-none-eabi/9.2.1/../../../arm-none-eabi/lib/thumb/v6-m/nofp/libc_nano.a(lib_a-nano-vfprintf_i.o)
 *(.glue_7)
 .glue_7        0x0000000000007969        0x0 linker stubs
 *(.glue_7t)
 .glue_7t       0x0000000000007969        0x0 linker stubs
 *(.eh_frame)
 *fill*         0x0000000000007969        0x3 
 .eh_frame      0x000000000000796c        0x0 /usr/lib/gcc/arm-none-eabi/9.2.1/thumb/v6-m/nofp/crtbegin.o
 *(.init)
 .init          0x000000000000796c        0x4 /usr/lib/gcc/arm-none-eabi/9.2.1/thumb/v6-m/nofp/crti.o
                0x000000000000796c                _init
 .init          0x0000000000007970        0x8 /usr/lib/gcc/arm-none-eabi/9.2.1/thumb/v6-m/nofp/crtn.o
 *(.fini)
 .fini          0x0000000000007978        0x4 /usr/lib/gcc/arm-none-eabi/9.2.1/thumb/v6-m/nofp/crti.o
                0x0000000000007978                _fini
 .fini          0x000000000000797c        0x8 /usr/lib/gcc/arm-none-eabi/9.2.1/thumb/v6-m/nofp/crtn.o
                0x0000000000007984                . = ALIGN (0x4)

.vfp11_veneer   0x0000000000007984        0x0
 .vfp11_veneer  0x0000000000007984        0x0 linker stubs

.v4_bx          0x0000000000007984        0x0
 .v4_bx         0x0000000000007984        0x0 linker stubs

.iplt           0x0000000000007984        0x0
 .iplt          0x0000000000007984        0x0 /usr/lib/gcc/arm-none-eabi/9.2.1/thumb/v6-m/nofp/crtbegin.o

.ARM.extab
 *(.ARM.extab* .gnu.linkonce.armextab.*)

.ARM            0x0000000000007984        0x8
                0x0000000000007984                __exidx_start = .
 *(.ARM.exidx*)
 .ARM.exidx     0x0000000000007984        0x8 /usr/lib/gcc/arm-none-eabi/9.2.1/../../../arm-none-eabi/lib/thumb/v6-m/nofp/crt0.o
                                         0x10 (size before relaxing)
                0x000000000000798c                __exidx_end = .

.rel.dyn        0x000000000000798c        0x0
 .rel.iplt      0x000000000000798c        0x0 /usr/lib/gcc/arm-none-eabi/9.2.1/thumb/v6-m/nofp/crtbegin.o

.ctors          0x000000000000798c        0x0
                0x000000000000798c                __CTOR_LIST__ = .
 *crtbegin.o(.ctors)
 *crtbegin?.o(.ctors)
 *(EXCLUDE_FILE(*crtend.o *crtend?.o) .ctors)
 *(SORT_BY_NAME(.ctors.*))
 *(.ctors)
                0x000000000000798c                __CTOR_END__ = .

.dtors          0x000000000000798c        0x0
                0x000000000000798c                __DTOR_LIST__ = .
 *crtbegin.o(.dtors)
 *crtbegin?.o(.dtors)
 *(EXCLUDE_FILE(*crtend.o *crtend?.o) .dtors)
 *(SORT_BY_NAME(.dtors.*))
 *(.dtors)
                0x000000000000798c                __DTOR_END__ = .

.preinit_array  0x000000000000798c        0x0
                0x000000000000798c                PROVIDE (__preinit_array_start = .)
 *(.preinit_array*)
                0x000000000000798c                PROVIDE (__preinit_array_end = .)

.init_array     0x000000000000798c        0x4
                0x000000000000798c                PROVIDE (__init_array_start = .)
 *(SORT_BY_NAME(.init_array.*))
 *(.init_array*)
 .init_array    0x000000000000798c        0x4 /usr/lib/gcc/arm-none-eabi/9.2.1/thumb/v6-m/nofp/crtbegin.o
                0x0000000000007990                PROVIDE (__init_array_end = .)

.fini_array     0x0000000000007990        0x4
                0x0000000000007990                PROVIDE (__fini_array_start = .)
 *(SORT_BY_NAME(.fini_array.*))
 *(.fini_array*)
 .fini_array    0x0000000000007990        0x4 /usr/lib/gcc/arm-none-eabi/9.2.1/thumb/v6-m/nofp/crtbegin.o
                0x0000000000007994                PROVIDE (__fini_array_end = .)
                0x0000000000007994                __etext = .
                0x0000000000007994                __DATA_ROM = .

.mtb            0x000000001ffffe00        0x0
                0x000000001ffffe00                . = ALIGN (0x8)
                0x000000001ffffe00                _mtb_start = .
 *(.mtb_buf)
                0x000000001ffffe00                . = ALIGN (0x8)
                0x000000001ffffe00                _mtb_end = .

.interrupts_ram
                0x000000001ffffe00        0x0
                0x000000001ffffe00                . = ALIGN (0x4)
                0x000000001ffffe00                __VECTOR_RAM__ = .
                0x000000001ffffe00                __interrupts_ram_start__ = .
 *(.m_interrupts_ram)
                0x000000001ffffe00                . = (. + M_VECTOR_RAM_SIZE)
                0x000000001ffffe00                . = ALIGN (0x4)
                0x000000001ffffe00                __interrupts_ram_end__ = .
                0x0000000000000000                __VECTOR_RAM = DEFINED (__ram_vector_table__)?__VECTOR_RAM__:ORIGIN (m_interrupts)
                0x0000000000000000                __RAM_VECTOR_TABLE_SIZE_BYTES = DEFINED (__ram_vector_table__)?(__interrupts_ram_end__ - __interrupts_ram_start__):0x0

.data           0x000000001ffffe00      0x108 load address 0x0000000000007994
                0x000000001ffffe00                . = ALIGN (0x4)
                0x000000001ffffe00                __DATA_RAM = .
                0x000000001ffffe00                __data_start__ = .
 *(.data)
 .data          0x000000001ffffe00       0x64 /usr/lib/gcc/arm-none-eabi/9.2.1/../../../arm-none-eabi/lib/thumb/v6-m/nofp/libc_nano.a(lib_a-impure.o)
                0x000000001ffffe00                _impure_ptr
 *(.data*)
 .data.CALIBRATION_VALUE
                0x000000001ffffe64        0x4 CMakeFiles/Warp.dir/home/students/tes46/4B25-CW3/build/ksdk1.1/work/demos/Warp/src/boot.c.obj
                0x000000001ffffe64                CALIBRATION_VALUE
 .data.clockCallbackTable
                0x000000001ffffe68        0x4 CMakeFiles/Warp.dir/home/students/tes46/4B25-CW3/build/ksdk1.1/work/demos/Warp/src/boot.c.obj
 .data.clockManagerCallbackUserlevelStructure
                0x000000001ffffe6c        0xc CMakeFiles/Warp.dir/home/students/tes46/4B25-CW3/build/ksdk1.1/work/demos/Warp/src/boot.c.obj
                0x000000001ffffe6c                clockManagerCallbackUserlevelStructure
 .data.gWarpCurrentSupplyVoltage
                0x000000001ffffe78        0x2 CMakeFiles/Warp.dir/home/students/tes46/4B25-CW3/build/ksdk1.1/work/demos/Warp/src/boot.c.obj
                0x000000001ffffe78                gWarpCurrentSupplyVoltage
 *fill*         0x000000001ffffe7a        0x2 
 .data.gWarpI2cBaudRateKbps
                0x000000001ffffe7c        0x4 CMakeFiles/Warp.dir/home/students/tes46/4B25-CW3/build/ksdk1.1/work/demos/Warp/src/boot.c.obj
                0x000000001ffffe7c                gWarpI2cBaudRateKbps
 .data.gWarpI2cTimeoutMilliseconds
                0x000000001ffffe80        0x4 CMakeFiles/Warp.dir/home/students/tes46/4B25-CW3/build/ksdk1.1/work/demos/Warp/src/boot.c.obj
                0x000000001ffffe80                gWarpI2cTimeoutMilliseconds
 .data.gWarpSleeptimeSeconds
                0x000000001ffffe84        0x4 CMakeFiles/Warp.dir/home/students/tes46/4B25-CW3/build/ksdk1.1/work/demos/Warp/src/boot.c.obj
                0x000000001ffffe84                gWarpSleeptimeSeconds
 .data.gWarpSpiBaudRateKbps
                0x000000001ffffe88        0x4 CMakeFiles/Warp.dir/home/students/tes46/4B25-CW3/build/ksdk1.1/work/demos/Warp/src/boot.c.obj
                0x000000001ffffe88                gWarpSpiBaudRateKbps
 .data.gWarpSpiTimeoutMicroseconds
                0x000000001ffffe8c        0x4 CMakeFiles/Warp.dir/home/students/tes46/4B25-CW3/build/ksdk1.1/work/demos/Warp/src/boot.c.obj
                0x000000001ffffe8c                gWarpSpiTimeoutMicroseconds
 .data.gWarpUartBaudRateBps
                0x000000001ffffe90        0x4 CMakeFiles/Warp.dir/home/students/tes46/4B25-CW3/build/ksdk1.1/work/demos/Warp/src/boot.c.obj
                0x000000001ffffe90                gWarpUartBaudRateBps
 .data.inputPins
                0x000000001ffffe94        0x8 CMakeFiles/Warp.dir/home/students/tes46/4B25-CW3/build/ksdk1.1/work/boards/Warp/gpio_pins.c.obj
                0x000000001ffffe94                inputPins
 .data.outputPins
                0x000000001ffffe9c       0x54 CMakeFiles/Warp.dir/home/students/tes46/4B25-CW3/build/ksdk1.1/work/boards/Warp/gpio_pins.c.obj
                0x000000001ffffe9c                outputPins
 .data.g_defaultClockConfigurations
                0x000000001ffffef0       0x18 ../../../../lib/ksdk_platform_lib/armgcc/KL03Z4/release/libksdk_platform.a(fsl_clock_MKL03Z4.c.obj)
                0x000000001ffffef0                g_defaultClockConfigurations
 *(.jcr*)
                0x000000001fffff08                . = ALIGN (0x4)
                0x000000001fffff08                __data_end__ = .
                0x0000000000007a9c                __DATA_END = (__DATA_ROM + (__data_end__ - __data_start__))

.tm_clone_table
                0x000000001fffff08        0x0 load address 0x0000000000007a9c
 .tm_clone_table
                0x000000001fffff08        0x0 /usr/lib/gcc/arm-none-eabi/9.2.1/thumb/v6-m/nofp/crtbegin.o
 .tm_clone_table
                0x000000001fffff08        0x0 /usr/lib/gcc/arm-none-eabi/9.2.1/thumb/v6-m/nofp/crtend.o

.igot.plt       0x000000001fffff08        0x0 load address 0x0000000000007a9c
 .igot.plt      0x000000001fffff08        0x0 /usr/lib/gcc/arm-none-eabi/9.2.1/thumb/v6-m/nofp/crtbegin.o

.bss            0x000000001fffff08      0x320 load address 0x0000000000007a9c
                0x000000001fffff08                . = ALIGN (0x4)
                0x000000001fffff08                __START_BSS = .
                0x000000001fffff08                __bss_start__ = .
 *(.bss)
 .bss           0x000000001fffff08       0x1c /usr/lib/gcc/arm-none-eabi/9.2.1/thumb/v6-m/nofp/crtbegin.o
 .bss           0x000000001fffff24        0x8 /usr/lib/gcc/arm-none-eabi/9.2.1/../../../arm-none-eabi/lib/thumb/v6-m/nofp/libc_nano.a(lib_a-nano-mallocr.o)
                0x000000001fffff24                __malloc_free_list
                0x000000001fffff28                __malloc_sbrk_start
 .bss           0x000000001fffff2c       0x8c /usr/lib/gcc/arm-none-eabi/9.2.1/../../../arm-none-eabi/lib/thumb/v6-m/nofp/libc_nano.a(lib_a-__atexit.o)
 .bss           0x000000001fffffb8        0x4 /usr/lib/gcc/arm-none-eabi/9.2.1/../../../arm-none-eabi/lib/thumb/v6-m/nofp/libc_nano.a(lib_a-__call_atexit.o)
                0x000000001fffffb8                _global_atexit
 *(.bss*)
 .bss.heap_end.5296
                0x000000001fffffbc        0x4 CMakeFiles/Warp.dir/home/students/tes46/4B25-CW3/build/ksdk1.1/work/platform/utilities/src/fsl_misc_utilities.c.obj
 .bss.device_INA219State
                0x000000001fffffc0        0x8 CMakeFiles/Warp.dir/home/students/tes46/4B25-CW3/build/ksdk1.1/work/demos/Warp/src/boot.c.obj
                0x000000001fffffc0                device_INA219State
 .bss.gWarpBooted
                0x000000001fffffc8        0x1 CMakeFiles/Warp.dir/home/students/tes46/4B25-CW3/build/ksdk1.1/work/demos/Warp/src/boot.c.obj
                0x000000001fffffc8                gWarpBooted
 .bss.gWarpExtraQuietMode
                0x000000001fffffc9        0x1 CMakeFiles/Warp.dir/home/students/tes46/4B25-CW3/build/ksdk1.1/work/demos/Warp/src/boot.c.obj
                0x000000001fffffc9                gWarpExtraQuietMode
 .bss.gWarpPrintBuffer
                0x000000001fffffca       0x40 CMakeFiles/Warp.dir/home/students/tes46/4B25-CW3/build/ksdk1.1/work/demos/Warp/src/boot.c.obj
                0x000000001fffffca                gWarpPrintBuffer
 *fill*         0x000000002000000a        0x2 
 .bss.i2cMasterState
                0x000000002000000c       0x24 CMakeFiles/Warp.dir/home/students/tes46/4B25-CW3/build/ksdk1.1/work/demos/Warp/src/boot.c.obj
                0x000000002000000c                i2cMasterState
 .bss.spiMasterState
                0x0000000020000030       0x30 CMakeFiles/Warp.dir/home/students/tes46/4B25-CW3/build/ksdk1.1/work/demos/Warp/src/boot.c.obj
                0x0000000020000030                spiMasterState
 .bss.spiUserConfig
                0x0000000020000060        0x8 CMakeFiles/Warp.dir/home/students/tes46/4B25-CW3/build/ksdk1.1/work/demos/Warp/src/boot.c.obj
                0x0000000020000060                spiUserConfig
 .bss.inBuffer  0x0000000020000068       0x20 CMakeFiles/Warp.dir/home/students/tes46/4B25-CW3/build/ksdk1.1/work/demos/Warp/src/devSSD1331.c.obj
                0x0000000020000068                inBuffer
 .bss.payloadBytes
                0x0000000020000088       0x20 CMakeFiles/Warp.dir/home/students/tes46/4B25-CW3/build/ksdk1.1/work/demos/Warp/src/devSSD1331.c.obj
                0x0000000020000088                payloadBytes
 .bss._SEGGER_RTT
                0x00000000200000a8       0x78 CMakeFiles/Warp.dir/home/students/tes46/4B25-CW3/build/ksdk1.1/work/demos/Warp/src/SEGGER_RTT.c.obj
                0x00000000200000a8                _SEGGER_RTT
 .bss._acDownBuffer
                0x0000000020000120        0x4 CMakeFiles/Warp.dir/home/students/tes46/4B25-CW3/build/ksdk1.1/work/demos/Warp/src/SEGGER_RTT.c.obj
 .bss._acUpBuffer
                0x0000000020000124       0x64 CMakeFiles/Warp.dir/home/students/tes46/4B25-CW3/build/ksdk1.1/work/demos/Warp/src/SEGGER_RTT.c.obj
 .bss.g_freeTaskControlBlock
                0x0000000020000188        0x4 ../../../../lib/ksdk_platform_lib/armgcc/KL03Z4/release/libksdk_platform.a(fsl_os_abstraction_bm.c.obj)
 .bss.g_taskControlBlockPool
                0x000000002000018c       0x50 ../../../../lib/ksdk_platform_lib/armgcc/KL03Z4/release/libksdk_platform.a(fsl_os_abstraction_bm.c.obj)
 .bss.g_taskListHead
                0x00000000200001dc       0x10 ../../../../lib/ksdk_platform_lib/armgcc/KL03Z4/release/libksdk_platform.a(fsl_os_abstraction_bm.c.obj)
 .bss.g_clockState
                0x00000000200001ec       0x10 ../../../../lib/ksdk_platform_lib/armgcc/KL03Z4/release/libksdk_platform.a(fsl_clock_manager.c.obj)
 .bss.g_interruptDisableCount
                0x00000000200001fc        0x4 ../../../../lib/ksdk_platform_lib/armgcc/KL03Z4/release/libksdk_platform.a(fsl_interrupt_manager.c.obj)
                0x00000000200001fc                g_interruptDisableCount
 .bss.gPowerManagerState
                0x0000000020000200       0x10 ../../../../lib/ksdk_platform_lib/armgcc/KL03Z4/release/libksdk_platform.a(fsl_power_manager.c.obj)
 .bss.g_i2cStatePtr
                0x0000000020000210        0x4 ../../../../lib/ksdk_platform_lib/armgcc/KL03Z4/release/libksdk_platform.a(fsl_i2c_common.c.obj)
                0x0000000020000210                g_i2cStatePtr
 .bss.g_lpuartStatePtr
                0x0000000020000214        0x4 ../../../../lib/ksdk_platform_lib/armgcc/KL03Z4/release/libksdk_platform.a(fsl_lpuart_common.c.obj)
                0x0000000020000214                g_lpuartStatePtr
 .bss.g_xtal0ClkFreq
                0x0000000020000218        0x4 ../../../../lib/ksdk_platform_lib/armgcc/KL03Z4/release/libksdk_platform.a(fsl_mcglite_hal.c.obj)
                0x0000000020000218                g_xtal0ClkFreq
 .bss.g_xtalRtcClkFreq
                0x000000002000021c        0x4 ../../../../lib/ksdk_platform_lib/armgcc/KL03Z4/release/libksdk_platform.a(fsl_mcglite_hal.c.obj)
                0x000000002000021c                g_xtalRtcClkFreq
 .bss.g_spiStatePtr
                0x0000000020000220        0x4 ../../../../lib/ksdk_platform_lib/armgcc/KL03Z4/release/libksdk_platform.a(fsl_spi_shared_function.c.obj)
                0x0000000020000220                g_spiStatePtr
 *(COMMON)
 COMMON         0x0000000020000224        0x4 /usr/lib/gcc/arm-none-eabi/9.2.1/../../../arm-none-eabi/lib/thumb/v6-m/nofp/libc_nano.a(lib_a-reent.o)
                0x0000000020000224                errno
                0x0000000020000228                . = ALIGN (0x4)
                0x0000000020000228                __bss_end__ = .
                0x0000000020000228                __END_BSS = .

.heap           0x0000000020000228        0x0
                0x0000000020000228                . = ALIGN (0x8)
                0x0000000020000228                __end__ = .
                0x0000000020000228                PROVIDE (end = .)
                0x0000000020000228                __HeapBase = .
                0x0000000020000228                . = (. + HEAP_SIZE)
                0x0000000020000228                __HeapLimit = .

.stack          0x0000000020000228      0x200 load address 0x0000000000007dbc
                0x0000000020000228                . = ALIGN (0x8)
                0x0000000020000428                . = (. + STACK_SIZE)
 *fill*         0x0000000020000228      0x200 
                0x0000000020000600                __StackTop = (ORIGIN (m_data) + LENGTH (m_data))
                0x0000000020000400                __StackLimit = (__StackTop - STACK_SIZE)
                0x0000000020000600                PROVIDE (__stack = __StackTop)

.ARM.attributes
                0x0000000000000000       0x28
 *(.ARM.attributes)
 .ARM.attributes
                0x0000000000000000       0x1e /usr/lib/gcc/arm-none-eabi/9.2.1/thumb/v6-m/nofp/crti.o
 .ARM.attributes
                0x000000000000001e       0x2c /usr/lib/gcc/arm-none-eabi/9.2.1/thumb/v6-m/nofp/crtbegin.o
 .ARM.attributes
                0x000000000000004a       0x1b /usr/lib/gcc/arm-none-eabi/9.2.1/../../../arm-none-eabi/lib/thumb/v6-m/nofp/crt0.o
 .ARM.attributes
                0x0000000000000065       0x2c CMakeFiles/Warp.dir/home/students/tes46/4B25-CW3/build/ksdk1.1/work/platform/utilities/src/fsl_misc_utilities.c.obj
 .ARM.attributes
                0x0000000000000091       0x1b CMakeFiles/Warp.dir/home/students/tes46/4B25-CW3/build/ksdk1.1/work/platform/startup/MKL03Z4/gcc/startup_MKL03Z4.S.obj
 .ARM.attributes
                0x00000000000000ac       0x2c CMakeFiles/Warp.dir/home/students/tes46/4B25-CW3/build/ksdk1.1/work/demos/Warp/src/boot.c.obj
 .ARM.attributes
                0x00000000000000d8       0x32 CMakeFiles/Warp.dir/home/students/tes46/4B25-CW3/build/ksdk1.1/work/demos/Warp/src/errstrsEN.c.obj
 .ARM.attributes
                0x000000000000010a       0x2c CMakeFiles/Warp.dir/home/students/tes46/4B25-CW3/build/ksdk1.1/work/demos/Warp/src/powermodes.c.obj
 .ARM.attributes
                0x0000000000000136       0x2c CMakeFiles/Warp.dir/home/students/tes46/4B25-CW3/build/ksdk1.1/work/demos/Warp/src/devSSD1331.c.obj
 .ARM.attributes
                0x0000000000000162       0x2c CMakeFiles/Warp.dir/home/students/tes46/4B25-CW3/build/ksdk1.1/work/demos/Warp/src/dev_INA219.c.obj
 .ARM.attributes
                0x000000000000018e       0x2c CMakeFiles/Warp.dir/home/students/tes46/4B25-CW3/build/ksdk1.1/work/demos/Warp/src/SEGGER_RTT.c.obj
 .ARM.attributes
                0x00000000000001ba       0x2c CMakeFiles/Warp.dir/home/students/tes46/4B25-CW3/build/ksdk1.1/work/demos/Warp/src/SEGGER_RTT_printf.c.obj
 .ARM.attributes
                0x00000000000001e6       0x2c CMakeFiles/Warp.dir/home/students/tes46/4B25-CW3/build/ksdk1.1/work/platform/drivers/src/i2c/fsl_i2c_irq.c.obj
 .ARM.attributes
                0x0000000000000212       0x2c CMakeFiles/Warp.dir/home/students/tes46/4B25-CW3/build/ksdk1.1/work/platform/drivers/src/spi/fsl_spi_irq.c.obj
 .ARM.attributes
                0x000000000000023e       0x2c CMakeFiles/Warp.dir/home/students/tes46/4B25-CW3/build/ksdk1.1/work/platform/drivers/src/lpuart/fsl_lpuart_irq.c.obj
 .ARM.attributes
                0x000000000000026a       0x2c CMakeFiles/Warp.dir/home/students/tes46/4B25-CW3/build/ksdk1.1/work/platform/startup/MKL03Z4/system_MKL03Z4.c.obj
 .ARM.attributes
                0x0000000000000296       0x2c CMakeFiles/Warp.dir/home/students/tes46/4B25-CW3/build/ksdk1.1/work/platform/startup/startup.c.obj
 .ARM.attributes
                0x00000000000002c2       0x32 CMakeFiles/Warp.dir/home/students/tes46/4B25-CW3/build/ksdk1.1/work/boards/Warp/gpio_pins.c.obj
 .ARM.attributes
                0x00000000000002f4       0x2c ../../../../lib/ksdk_platform_lib/armgcc/KL03Z4/release/libksdk_platform.a(fsl_os_abstraction_bm.c.obj)
 .ARM.attributes
                0x0000000000000320       0x2c ../../../../lib/ksdk_platform_lib/armgcc/KL03Z4/release/libksdk_platform.a(fsl_clock_manager.c.obj)
 .ARM.attributes
                0x000000000000034c       0x2c ../../../../lib/ksdk_platform_lib/armgcc/KL03Z4/release/libksdk_platform.a(fsl_clock_MKL03Z4.c.obj)
 .ARM.attributes
                0x0000000000000378       0x2c ../../../../lib/ksdk_platform_lib/armgcc/KL03Z4/release/libksdk_platform.a(fsl_interrupt_manager.c.obj)
 .ARM.attributes
                0x00000000000003a4       0x2c ../../../../lib/ksdk_platform_lib/armgcc/KL03Z4/release/libksdk_platform.a(fsl_power_manager.c.obj)
 .ARM.attributes
                0x00000000000003d0       0x2c ../../../../lib/ksdk_platform_lib/armgcc/KL03Z4/release/libksdk_platform.a(fsl_gpio_driver.c.obj)
 .ARM.attributes
                0x00000000000003fc       0x2c ../../../../lib/ksdk_platform_lib/armgcc/KL03Z4/release/libksdk_platform.a(fsl_i2c_shared_function.c.obj)
 .ARM.attributes
                0x0000000000000428       0x32 ../../../../lib/ksdk_platform_lib/armgcc/KL03Z4/release/libksdk_platform.a(fsl_i2c_common.c.obj)
 .ARM.attributes
                0x000000000000045a       0x2c ../../../../lib/ksdk_platform_lib/armgcc/KL03Z4/release/libksdk_platform.a(fsl_i2c_master_driver.c.obj)
 .ARM.attributes
                0x0000000000000486       0x2c ../../../../lib/ksdk_platform_lib/armgcc/KL03Z4/release/libksdk_platform.a(fsl_i2c_slave_driver.c.obj)
 .ARM.attributes
                0x00000000000004b2       0x2c ../../../../lib/ksdk_platform_lib/armgcc/KL03Z4/release/libksdk_platform.a(fsl_llwu_hal.c.obj)
 .ARM.attributes
                0x00000000000004de       0x2c ../../../../lib/ksdk_platform_lib/armgcc/KL03Z4/release/libksdk_platform.a(fsl_lpuart_driver.c.obj)
 .ARM.attributes
                0x000000000000050a       0x32 ../../../../lib/ksdk_platform_lib/armgcc/KL03Z4/release/libksdk_platform.a(fsl_lpuart_common.c.obj)
 .ARM.attributes
                0x000000000000053c       0x2c ../../../../lib/ksdk_platform_lib/armgcc/KL03Z4/release/libksdk_platform.a(fsl_mcglite_hal.c.obj)
 .ARM.attributes
                0x0000000000000568       0x2c ../../../../lib/ksdk_platform_lib/armgcc/KL03Z4/release/libksdk_platform.a(fsl_mcglite_hal_modes.c.obj)
 .ARM.attributes
                0x0000000000000594       0x2c ../../../../lib/ksdk_platform_lib/armgcc/KL03Z4/release/libksdk_platform.a(fsl_osc_hal.c.obj)
 .ARM.attributes
                0x00000000000005c0       0x2c ../../../../lib/ksdk_platform_lib/armgcc/KL03Z4/release/libksdk_platform.a(fsl_rtc_hal.c.obj)
 .ARM.attributes
                0x00000000000005ec       0x2c ../../../../lib/ksdk_platform_lib/armgcc/KL03Z4/release/libksdk_platform.a(fsl_rtc_driver.c.obj)
 .ARM.attributes
                0x0000000000000618       0x32 ../../../../lib/ksdk_platform_lib/armgcc/KL03Z4/release/libksdk_platform.a(fsl_rtc_common.c.obj)
 .ARM.attributes
                0x000000000000064a       0x2c ../../../../lib/ksdk_platform_lib/armgcc/KL03Z4/release/libksdk_platform.a(fsl_sim_hal_MKL03Z4.c.obj)
 .ARM.attributes
                0x0000000000000676       0x2c ../../../../lib/ksdk_platform_lib/armgcc/KL03Z4/release/libksdk_platform.a(fsl_spi_shared_function.c.obj)
 .ARM.attributes
                0x00000000000006a2       0x2c ../../../../lib/ksdk_platform_lib/armgcc/KL03Z4/release/libksdk_platform.a(fsl_spi_master_driver.c.obj)
 .ARM.attributes
                0x00000000000006ce       0x2c ../../../../lib/ksdk_platform_lib/armgcc/KL03Z4/release/libksdk_platform.a(fsl_spi_slave_driver.c.obj)
 .ARM.attributes
                0x00000000000006fa       0x32 ../../../../lib/ksdk_platform_lib/armgcc/KL03Z4/release/libksdk_platform.a(fsl_spi_common.c.obj)
 .ARM.attributes
                0x000000000000072c       0x2c ../../../../lib/ksdk_platform_lib/armgcc/KL03Z4/release/libksdk_platform.a(fsl_smc_hal.c.obj)
 .ARM.attributes
                0x0000000000000758       0x32 ../../../../lib/ksdk_platform_lib/armgcc/KL03Z4/release/libksdk_platform.a(fsl_clock_manager_common.c.obj)
 .ARM.attributes
                0x000000000000078a       0x2c ../../../../lib/ksdk_platform_lib/armgcc/KL03Z4/release/libksdk_platform.a(fsl_gpio_hal.c.obj)
 .ARM.attributes
                0x00000000000007b6       0x32 ../../../../lib/ksdk_platform_lib/armgcc/KL03Z4/release/libksdk_platform.a(fsl_gpio_common.c.obj)
 .ARM.attributes
                0x00000000000007e8       0x2c ../../../../lib/ksdk_platform_lib/armgcc/KL03Z4/release/libksdk_platform.a(fsl_i2c_hal.c.obj)
 .ARM.attributes
                0x0000000000000814       0x2c ../../../../lib/ksdk_platform_lib/armgcc/KL03Z4/release/libksdk_platform.a(fsl_lpuart_hal.c.obj)
 .ARM.attributes
                0x0000000000000840       0x2c ../../../../lib/ksdk_platform_lib/armgcc/KL03Z4/release/libksdk_platform.a(fsl_spi_hal.c.obj)
 .ARM.attributes
                0x000000000000086c       0x2c /usr/lib/gcc/arm-none-eabi/9.2.1/../../../arm-none-eabi/lib/thumb/v6-m/nofp/libc_nano.a(lib_a-atexit.o)
 .ARM.attributes
                0x0000000000000898       0x2c /usr/lib/gcc/arm-none-eabi/9.2.1/../../../arm-none-eabi/lib/thumb/v6-m/nofp/libc_nano.a(lib_a-bzero.o)
 .ARM.attributes
                0x00000000000008c4       0x2c /usr/lib/gcc/arm-none-eabi/9.2.1/../../../arm-none-eabi/lib/thumb/v6-m/nofp/libc_nano.a(lib_a-errno.o)
 .ARM.attributes
                0x00000000000008f0       0x2c /usr/lib/gcc/arm-none-eabi/9.2.1/../../../arm-none-eabi/lib/thumb/v6-m/nofp/libc_nano.a(lib_a-exit.o)
 .ARM.attributes
                0x000000000000091c       0x2c /usr/lib/gcc/arm-none-eabi/9.2.1/../../../arm-none-eabi/lib/thumb/v6-m/nofp/libc_nano.a(lib_a-fini.o)
 .ARM.attributes
                0x0000000000000948       0x2c /usr/lib/gcc/arm-none-eabi/9.2.1/../../../arm-none-eabi/lib/thumb/v6-m/nofp/libc_nano.a(lib_a-impure.o)
 .ARM.attributes
                0x0000000000000974       0x2c /usr/lib/gcc/arm-none-eabi/9.2.1/../../../arm-none-eabi/lib/thumb/v6-m/nofp/libc_nano.a(lib_a-init.o)
 .ARM.attributes
                0x00000000000009a0       0x2c /usr/lib/gcc/arm-none-eabi/9.2.1/../../../arm-none-eabi/lib/thumb/v6-m/nofp/libc_nano.a(lib_a-malloc.o)
 .ARM.attributes
                0x00000000000009cc       0x2c /usr/lib/gcc/arm-none-eabi/9.2.1/../../../arm-none-eabi/lib/thumb/v6-m/nofp/libc_nano.a(lib_a-memcpy-stub.o)
 .ARM.attributes
                0x00000000000009f8       0x2c /usr/lib/gcc/arm-none-eabi/9.2.1/../../../arm-none-eabi/lib/thumb/v6-m/nofp/libc_nano.a(lib_a-memset.o)
 .ARM.attributes
                0x0000000000000a24       0x2c /usr/lib/gcc/arm-none-eabi/9.2.1/../../../arm-none-eabi/lib/thumb/v6-m/nofp/libc_nano.a(lib_a-nano-freer.o)
 .ARM.attributes
                0x0000000000000a50       0x2c /usr/lib/gcc/arm-none-eabi/9.2.1/../../../arm-none-eabi/lib/thumb/v6-m/nofp/libc_nano.a(lib_a-nano-mallocr.o)
 .ARM.attributes
                0x0000000000000a7c       0x2c /usr/lib/gcc/arm-none-eabi/9.2.1/../../../arm-none-eabi/lib/thumb/v6-m/nofp/libc_nano.a(lib_a-sbrkr.o)
 .ARM.attributes
                0x0000000000000aa8       0x2c /usr/lib/gcc/arm-none-eabi/9.2.1/../../../arm-none-eabi/lib/thumb/v6-m/nofp/libc_nano.a(lib_a-snprintf.o)
 .ARM.attributes
                0x0000000000000ad4       0x2c /usr/lib/gcc/arm-none-eabi/9.2.1/../../../arm-none-eabi/lib/thumb/v6-m/nofp/libc_nano.a(lib_a-strcpy.o)
 .ARM.attributes
                0x0000000000000b00       0x2c /usr/lib/gcc/arm-none-eabi/9.2.1/../../../arm-none-eabi/lib/thumb/v6-m/nofp/libc_nano.a(lib_a-strlen-stub.o)
 .ARM.attributes
                0x0000000000000b2c       0x2c /usr/lib/gcc/arm-none-eabi/9.2.1/../../../arm-none-eabi/lib/thumb/v6-m/nofp/libc_nano.a(lib_a-__atexit.o)
 .ARM.attributes
                0x0000000000000b58       0x2c /usr/lib/gcc/arm-none-eabi/9.2.1/../../../arm-none-eabi/lib/thumb/v6-m/nofp/libc_nano.a(lib_a-__call_atexit.o)
 .ARM.attributes
                0x0000000000000b84       0x2c /usr/lib/gcc/arm-none-eabi/9.2.1/../../../arm-none-eabi/lib/thumb/v6-m/nofp/libc_nano.a(lib_a-mlock.o)
 .ARM.attributes
                0x0000000000000bb0       0x2c /usr/lib/gcc/arm-none-eabi/9.2.1/../../../arm-none-eabi/lib/thumb/v6-m/nofp/libc_nano.a(lib_a-nano-svfprintf.o)
 .ARM.attributes
                0x0000000000000bdc       0x2c /usr/lib/gcc/arm-none-eabi/9.2.1/../../../arm-none-eabi/lib/thumb/v6-m/nofp/libc_nano.a(lib_a-nano-vfprintf_i.o)
 .ARM.attributes